Archive member included to satisfy reference by file (symbol)

c:/program files (x86)/atollic/truestudio for arm 6.0.0/armtools/bin/../lib/gcc/arm-atollic-eabi/5.3.1/../../../../arm-atollic-eabi/lib/armv7-m\libc_nano.a(lib_a-init.o)
                              src\startup_stm32l1xx_hd.o (__libc_init_array)
c:/program files (x86)/atollic/truestudio for arm 6.0.0/armtools/bin/../lib/gcc/arm-atollic-eabi/5.3.1/../../../../arm-atollic-eabi/lib/armv7-m\libc_nano.a(lib_a-strlen.o)
                              src\ili9163.o (strlen)
c:/program files (x86)/atollic/truestudio for arm 6.0.0/armtools/bin/../lib/gcc/arm-atollic-eabi/5.3.1/../../../../arm-atollic-eabi/lib/armv7-m\libm.a(lib_a-w_exp2.o)
                              src\submenu.o (exp2)
c:/program files (x86)/atollic/truestudio for arm 6.0.0/armtools/bin/../lib/gcc/arm-atollic-eabi/5.3.1/../../../../arm-atollic-eabi/lib/armv7-m\libm.a(lib_a-w_pow.o)
                              c:/program files (x86)/atollic/truestudio for arm 6.0.0/armtools/bin/../lib/gcc/arm-atollic-eabi/5.3.1/../../../../arm-atollic-eabi/lib/armv7-m\libm.a(lib_a-w_exp2.o) (pow)
c:/program files (x86)/atollic/truestudio for arm 6.0.0/armtools/bin/../lib/gcc/arm-atollic-eabi/5.3.1/../../../../arm-atollic-eabi/lib/armv7-m\libm.a(lib_a-e_pow.o)
                              c:/program files (x86)/atollic/truestudio for arm 6.0.0/armtools/bin/../lib/gcc/arm-atollic-eabi/5.3.1/../../../../arm-atollic-eabi/lib/armv7-m\libm.a(lib_a-w_pow.o) (__ieee754_pow)
c:/program files (x86)/atollic/truestudio for arm 6.0.0/armtools/bin/../lib/gcc/arm-atollic-eabi/5.3.1/../../../../arm-atollic-eabi/lib/armv7-m\libm.a(lib_a-e_sqrt.o)
                              c:/program files (x86)/atollic/truestudio for arm 6.0.0/armtools/bin/../lib/gcc/arm-atollic-eabi/5.3.1/../../../../arm-atollic-eabi/lib/armv7-m\libm.a(lib_a-e_pow.o) (__ieee754_sqrt)
c:/program files (x86)/atollic/truestudio for arm 6.0.0/armtools/bin/../lib/gcc/arm-atollic-eabi/5.3.1/../../../../arm-atollic-eabi/lib/armv7-m\libm.a(lib_a-s_fabs.o)
                              c:/program files (x86)/atollic/truestudio for arm 6.0.0/armtools/bin/../lib/gcc/arm-atollic-eabi/5.3.1/../../../../arm-atollic-eabi/lib/armv7-m\libm.a(lib_a-e_pow.o) (fabs)
c:/program files (x86)/atollic/truestudio for arm 6.0.0/armtools/bin/../lib/gcc/arm-atollic-eabi/5.3.1/../../../../arm-atollic-eabi/lib/armv7-m\libm.a(lib_a-s_finite.o)
                              c:/program files (x86)/atollic/truestudio for arm 6.0.0/armtools/bin/../lib/gcc/arm-atollic-eabi/5.3.1/../../../../arm-atollic-eabi/lib/armv7-m\libm.a(lib_a-w_pow.o) (finite)
c:/program files (x86)/atollic/truestudio for arm 6.0.0/armtools/bin/../lib/gcc/arm-atollic-eabi/5.3.1/../../../../arm-atollic-eabi/lib/armv7-m\libm.a(lib_a-s_lib_ver.o)
                              c:/program files (x86)/atollic/truestudio for arm 6.0.0/armtools/bin/../lib/gcc/arm-atollic-eabi/5.3.1/../../../../arm-atollic-eabi/lib/armv7-m\libm.a(lib_a-w_pow.o) (__fdlib_version)
c:/program files (x86)/atollic/truestudio for arm 6.0.0/armtools/bin/../lib/gcc/arm-atollic-eabi/5.3.1/../../../../arm-atollic-eabi/lib/armv7-m\libm.a(lib_a-s_matherr.o)
                              c:/program files (x86)/atollic/truestudio for arm 6.0.0/armtools/bin/../lib/gcc/arm-atollic-eabi/5.3.1/../../../../arm-atollic-eabi/lib/armv7-m\libm.a(lib_a-w_pow.o) (matherr)
c:/program files (x86)/atollic/truestudio for arm 6.0.0/armtools/bin/../lib/gcc/arm-atollic-eabi/5.3.1/../../../../arm-atollic-eabi/lib/armv7-m\libm.a(lib_a-s_nan.o)
                              c:/program files (x86)/atollic/truestudio for arm 6.0.0/armtools/bin/../lib/gcc/arm-atollic-eabi/5.3.1/../../../../arm-atollic-eabi/lib/armv7-m\libm.a(lib_a-e_pow.o) (nan)
c:/program files (x86)/atollic/truestudio for arm 6.0.0/armtools/bin/../lib/gcc/arm-atollic-eabi/5.3.1/../../../../arm-atollic-eabi/lib/armv7-m\libm.a(lib_a-s_rint.o)
                              c:/program files (x86)/atollic/truestudio for arm 6.0.0/armtools/bin/../lib/gcc/arm-atollic-eabi/5.3.1/../../../../arm-atollic-eabi/lib/armv7-m\libm.a(lib_a-w_pow.o) (rint)
c:/program files (x86)/atollic/truestudio for arm 6.0.0/armtools/bin/../lib/gcc/arm-atollic-eabi/5.3.1/../../../../arm-atollic-eabi/lib/armv7-m\libm.a(lib_a-s_scalbn.o)
                              c:/program files (x86)/atollic/truestudio for arm 6.0.0/armtools/bin/../lib/gcc/arm-atollic-eabi/5.3.1/../../../../arm-atollic-eabi/lib/armv7-m\libm.a(lib_a-e_pow.o) (scalbn)
c:/program files (x86)/atollic/truestudio for arm 6.0.0/armtools/bin/../lib/gcc/arm-atollic-eabi/5.3.1/../../../../arm-atollic-eabi/lib/armv7-m\libm.a(lib_a-s_copysign.o)
                              c:/program files (x86)/atollic/truestudio for arm 6.0.0/armtools/bin/../lib/gcc/arm-atollic-eabi/5.3.1/../../../../arm-atollic-eabi/lib/armv7-m\libm.a(lib_a-s_scalbn.o) (copysign)
[...]
Memory Configuration

Name             Origin             Length             Attributes
FLASH            0x08000000         0x00080000         xr
RAM              0x20000000         0x00014000         xrw
MEMORY_B1        0x60000000         0x00000000         xr
*default*        0x00000000         0xffffffff

Linker script and memory map

LOAD c:/program files (x86)/atollic/truestudio for arm 6.0.0/armtools/bin/../lib/gcc/arm-atollic-eabi/5.3.1/armv7-m/crti.o
LOAD c:/program files (x86)/atollic/truestudio for arm 6.0.0/armtools/bin/../lib/gcc/arm-atollic-eabi/5.3.1/armv7-m/crtbegin.o
LOAD Libraries\STM32L1xx_StdPeriph_Driver\src\misc.o
LOAD Libraries\STM32L1xx_StdPeriph_Driver\src\stm32l1xx_adc.o
LOAD Libraries\STM32L1xx_StdPeriph_Driver\src\stm32l1xx_aes.o
LOAD Libraries\STM32L1xx_StdPeriph_Driver\src\stm32l1xx_aes_util.o
LOAD Libraries\STM32L1xx_StdPeriph_Driver\src\stm32l1xx_comp.o
LOAD Libraries\STM32L1xx_StdPeriph_Driver\src\stm32l1xx_crc.o
LOAD Libraries\STM32L1xx_StdPeriph_Driver\src\stm32l1xx_dac.o
LOAD Libraries\STM32L1xx_StdPeriph_Driver\src\stm32l1xx_dbgmcu.o
LOAD Libraries\STM32L1xx_StdPeriph_Driver\src\stm32l1xx_dma.o
LOAD Libraries\STM32L1xx_StdPeriph_Driver\src\stm32l1xx_exti.o
LOAD Libraries\STM32L1xx_StdPeriph_Driver\src\stm32l1xx_flash.o
LOAD Libraries\STM32L1xx_StdPeriph_Driver\src\stm32l1xx_flash_ramfunc.o
LOAD Libraries\STM32L1xx_StdPeriph_Driver\src\stm32l1xx_fsmc.o
LOAD Libraries\STM32L1xx_StdPeriph_Driver\src\stm32l1xx_gpio.o
LOAD Libraries\STM32L1xx_StdPeriph_Driver\src\stm32l1xx_i2c.o
LOAD Libraries\STM32L1xx_StdPeriph_Driver\src\stm32l1xx_iwdg.o
LOAD Libraries\STM32L1xx_StdPeriph_Driver\src\stm32l1xx_lcd.o
LOAD Libraries\STM32L1xx_StdPeriph_Driver\src\stm32l1xx_opamp.o
LOAD Libraries\STM32L1xx_StdPeriph_Driver\src\stm32l1xx_pwr.o
LOAD Libraries\STM32L1xx_StdPeriph_Driver\src\stm32l1xx_rcc.o
LOAD Libraries\STM32L1xx_StdPeriph_Driver\src\stm32l1xx_rtc.o
LOAD Libraries\STM32L1xx_StdPeriph_Driver\src\stm32l1xx_sdio.o
LOAD Libraries\STM32L1xx_StdPeriph_Driver\src\stm32l1xx_spi.o
LOAD Libraries\STM32L1xx_StdPeriph_Driver\src\stm32l1xx_syscfg.o
LOAD Libraries\STM32L1xx_StdPeriph_Driver\src\stm32l1xx_tim.o
LOAD Libraries\STM32L1xx_StdPeriph_Driver\src\stm32l1xx_usart.o
LOAD Libraries\STM32L1xx_StdPeriph_Driver\src\stm32l1xx_wwdg.o
LOAD src\ili9163.o
LOAD src\main.o
LOAD src\mcu.o
LOAD src\spi.o
LOAD src\startup_stm32l1xx_hd.o
LOAD src\stm32l1xx_it.o
LOAD src\submenu.o
LOAD src\system_stm32l1xx.o
LOAD src\test1.o
LOAD src\tiny_printf.o
START GROUP
LOAD c:/program files (x86)/atollic/truestudio for arm 6.0.0/armtools/bin/../lib/gcc/arm-atollic-eabi/5.3.1/../../../../arm-atollic-eabi/lib/armv7-m\libc_nano.a
LOAD c:/program files (x86)/atollic/truestudio for arm 6.0.0/armtools/bin/../lib/gcc/arm-atollic-eabi/5.3.1/../../../../arm-atollic-eabi/lib/armv7-m\libm.a
END GROUP
                0x00000080                malloc_getpagesize_P = 0x80
START GROUP
LOAD c:/program files (x86)/atollic/truestudio for arm 6.0.0/armtools/bin/../lib/gcc/arm-atollic-eabi/5.3.1/armv7-m\libgcc.a
LOAD c:/program files (x86)/atollic/truestudio for arm 6.0.0/armtools/bin/../lib/gcc/arm-atollic-eabi/5.3.1/../../../../arm-atollic-eabi/lib/armv7-m\libc_nano.a
END GROUP
START GROUP
LOAD c:/program files (x86)/atollic/truestudio for arm 6.0.0/armtools/bin/../lib/gcc/arm-atollic-eabi/5.3.1/armv7-m\libgcc.a
LOAD c:/program files (x86)/atollic/truestudio for arm 6.0.0/armtools/bin/../lib/gcc/arm-atollic-eabi/5.3.1/../../../../arm-atollic-eabi/lib/armv7-m\libc_nano.a
LOAD c:/program files (x86)/atollic/truestudio for arm 6.0.0/armtools/bin/../lib/gcc/arm-atollic-eabi/5.3.1/../../../../arm-atollic-eabi/lib/armv7-m\libnosys.a
END GROUP
START GROUP
LOAD c:/program files (x86)/atollic/truestudio for arm 6.0.0/armtools/bin/../lib/gcc/arm-atollic-eabi/5.3.1/armv7-m\libgcc.a
LOAD c:/program files (x86)/atollic/truestudio for arm 6.0.0/armtools/bin/../lib/gcc/arm-atollic-eabi/5.3.1/../../../../arm-atollic-eabi/lib/armv7-m\libc_nano.a
LOAD c:/program files (x86)/atollic/truestudio for arm 6.0.0/armtools/bin/../lib/gcc/arm-atollic-eabi/5.3.1/../../../../arm-atollic-eabi/lib/armv7-m\libnosys.a
END GROUP
LOAD c:/program files (x86)/atollic/truestudio for arm 6.0.0/armtools/bin/../lib/gcc/arm-atollic-eabi/5.3.1/armv7-m/crtend.o
LOAD c:/program files (x86)/atollic/truestudio for arm 6.0.0/armtools/bin/../lib/gcc/arm-atollic-eabi/5.3.1/armv7-m/crtn.o
                0x20014000                _estack = 0x20014000
                0x00000000                _Min_Heap_Size = 0x0
                0x00000400                _Min_Stack_Size = 0x400

.isr_vector     0x08000000      0x13c
                0x08000000                . = ALIGN (0x4)
 *(.isr_vector)
 .isr_vector    0x08000000      0x13c src\startup_stm32l1xx_hd.o
                0x08000000                g_pfnVectors
                0x0800013c                . = ALIGN (0x4)

.text           0x08000140     0x51c8
                0x08000140                . = ALIGN (0x4)
 *(.text)
 .text          0x08000140       0x40 c:/program files (x86)/atollic/truestudio for arm 6.0.0/armtools/bin/../lib/gcc/arm-atollic-eabi/5.3.1/armv7-m/crtbegin.o
 .text          0x08000180       0x10 c:/program files (x86)/atollic/truestudio for arm 6.0.0/armtools/bin/../lib/gcc/arm-atollic-eabi/5.3.1/../../../../arm-atollic-eabi/lib/armv7-m\libc_nano.a(lib_a-strlen.o)
                0x08000180                strlen
 .text          0x08000190      0x370 c:/program files (x86)/atollic/truestudio for arm 6.0.0/armtools/bin/../lib/gcc/arm-atollic-eabi/5.3.1/armv7-m\libgcc.a(_arm_addsubdf3.o)
                0x08000190                __aeabi_drsub
                0x08000198                __aeabi_dsub
                0x08000198                __subdf3
                0x0800019c                __aeabi_dadd
                0x0800019c                __adddf3
                0x08000414                __floatunsidf
                0x08000414                __aeabi_ui2d
                0x08000434                __floatsidf
                0x08000434                __aeabi_i2d
                0x08000458                __aeabi_f2d
                0x08000458                __extendsfdf2
                0x08000494                __floatundidf
                0x08000494                __aeabi_ul2d
                0x080004a4                __floatdidf
                0x080004a4                __aeabi_l2d
 .text          0x08000500      0x424 c:/program files (x86)/atollic/truestudio for arm 6.0.0/armtools/bin/../lib/gcc/arm-atollic-eabi/5.3.1/armv7-m\libgcc.a(_arm_muldivdf3.o)
                0x08000500                __aeabi_dmul
                0x08000500                __muldf3
                0x08000754                __divdf3
                0x08000754                __aeabi_ddiv
 .text          0x08000924      0x110 c:/program files (x86)/atollic/truestudio for arm 6.0.0/armtools/bin/../lib/gcc/arm-atollic-eabi/5.3.1/armv7-m\libgcc.a(_arm_cmpdf2.o)
                0x08000924                __gtdf2
                0x08000924                __gedf2
                0x0800092c                __ltdf2
                0x0800092c                __ledf2
                0x08000934                __nedf2
                0x08000934                __eqdf2
                0x08000934                __cmpdf2
                0x080009b0                __aeabi_cdrcmple
                0x080009c0                __aeabi_cdcmpeq
                0x080009c0                __aeabi_cdcmple
                0x080009d0                __aeabi_dcmpeq
                0x080009e4                __aeabi_dcmplt
                0x080009f8                __aeabi_dcmple
                0x08000a0c                __aeabi_dcmpge
                0x08000a20                __aeabi_dcmpgt
 .text          0x08000a34       0x2c c:/program files (x86)/atollic/truestudio for arm 6.0.0/armtools/bin/../lib/gcc/arm-atollic-eabi/5.3.1/armv7-m\libgcc.a(_arm_unorddf2.o)
                0x08000a34                __unorddf2
                0x08000a34                __aeabi_dcmpun
 .text          0x08000a60       0xa0 c:/program files (x86)/atollic/truestudio for arm 6.0.0/armtools/bin/../lib/gcc/arm-atollic-eabi/5.3.1/armv7-m\libgcc.a(_arm_truncdfsf2.o)
                0x08000a60                __truncdfsf2
                0x08000a60                __aeabi_d2f
 .text          0x08000b00      0x21c c:/program files (x86)/atollic/truestudio for arm 6.0.0/armtools/bin/../lib/gcc/arm-atollic-eabi/5.3.1/armv7-m\libgcc.a(_arm_addsubsf3.o)
                0x08000b00                __aeabi_frsub
                0x08000b08                __subsf3
                0x08000b08                __aeabi_fsub
                0x08000b0c                __aeabi_fadd
                0x08000b0c                __addsf3
                0x08000c6c                __aeabi_ui2f
                0x08000c6c                __floatunsisf
                0x08000c74                __aeabi_i2f
                0x08000c74                __floatsisf
                0x08000c90                __aeabi_ul2f
                0x08000c90                __floatundisf
                0x08000ca0                __aeabi_l2f
                0x08000ca0                __floatdisf
 .text          0x08000d1c      0x2a0 c:/program files (x86)/atollic/truestudio for arm 6.0.0/armtools/bin/../lib/gcc/arm-atollic-eabi/5.3.1/armv7-m\libgcc.a(_arm_muldivsf3.o)
                0x08000d1c                __mulsf3
                0x08000d1c                __aeabi_fmul
                0x08000e84                __aeabi_fdiv
                0x08000e84                __divsf3
 .text          0x08000fbc       0xec c:/program files (x86)/atollic/truestudio for arm 6.0.0/armtools/bin/../lib/gcc/arm-atollic-eabi/5.3.1/armv7-m\libgcc.a(_arm_cmpsf2.o)
                0x08000fbc                __gesf2
                0x08000fbc                __gtsf2
                0x08000fc4                __lesf2
                0x08000fc4                __ltsf2
                0x08000fcc                __nesf2
                0x08000fcc                __eqsf2
                0x08000fcc                __cmpsf2
                0x0800102c                __aeabi_cfrcmple
                0x08001034                __aeabi_cfcmpeq
                0x08001034                __aeabi_cfcmple
                0x08001044                __aeabi_fcmpeq
                0x08001058                __aeabi_fcmplt
                0x0800106c                __aeabi_fcmple
                0x08001080                __aeabi_fcmpge
                0x08001094                __aeabi_fcmpgt
 .text          0x080010a8       0x4c c:/program files (x86)/atollic/truestudio for arm 6.0.0/armtools/bin/../lib/gcc/arm-atollic-eabi/5.3.1/armv7-m\libgcc.a(_arm_fixsfsi.o)
                0x080010a8                __aeabi_f2iz
                0x080010a8                __fixsfsi
 .text          0x080010f4       0x30 c:/program files (x86)/atollic/truestudio for arm 6.0.0/armtools/bin/../lib/gcc/arm-atollic-eabi/5.3.1/armv7-m\libgcc.a(_aeabi_uldivmod.o)
                0x080010f4                __aeabi_uldivmod
 .text          0x08001124      0x2ec c:/program files (x86)/atollic/truestudio for arm 6.0.0/armtools/bin/../lib/gcc/arm-atollic-eabi/5.3.1/armv7-m\libgcc.a(_udivmoddi4.o)
                0x08001124                __udivmoddi4
 .text          0x08001410        0x4 c:/program files (x86)/atollic/truestudio for arm 6.0.0/armtools/bin/../lib/gcc/arm-atollic-eabi/5.3.1/armv7-m\libgcc.a(_dvmd_tls.o)
                0x08001410                __aeabi_idiv0
                0x08001410                __aeabi_ldiv0
 *(.text*)
 .text.NVIC_Init
                0x08001414       0xc0 Libraries\STM32L1xx_StdPeriph_Driver\src\misc.o
                0x08001414                NVIC_Init
 .text.ADC_Init
                0x080014d4       0xa8 Libraries\STM32L1xx_StdPeriph_Driver\src\stm32l1xx_adc.o
                0x080014d4                ADC_Init
 .text.ADC_StructInit
                0x0800157c       0x40 Libraries\STM32L1xx_StdPeriph_Driver\src\stm32l1xx_adc.o
                0x0800157c                ADC_StructInit
 .text.ADC_Cmd  0x080015bc       0x38 Libraries\STM32L1xx_StdPeriph_Driver\src\stm32l1xx_adc.o
                0x080015bc                ADC_Cmd
 .text.ADC_RegularChannelConfig
                0x080015f4      0x2cc Libraries\STM32L1xx_StdPeriph_Driver\src\stm32l1xx_adc.o
                0x080015f4                ADC_RegularChannelConfig
 .text.ADC_SoftwareStartConv
                0x080018c0       0x20 Libraries\STM32L1xx_StdPeriph_Driver\src\stm32l1xx_adc.o
                0x080018c0                ADC_SoftwareStartConv
 .text.ADC_DMACmd
                0x080018e0       0x38 Libraries\STM32L1xx_StdPeriph_Driver\src\stm32l1xx_adc.o
                0x080018e0                ADC_DMACmd
 .text.ADC_DMARequestAfterLastTransferCmd
                0x08001918       0x38 Libraries\STM32L1xx_StdPeriph_Driver\src\stm32l1xx_adc.o
                0x08001918                ADC_DMARequestAfterLastTransferCmd
 .text.ADC_ITConfig
                0x08001950       0x50 Libraries\STM32L1xx_StdPeriph_Driver\src\stm32l1xx_adc.o
                0x08001950                ADC_ITConfig
 .text.ADC_GetFlagStatus
                0x080019a0       0x34 Libraries\STM32L1xx_StdPeriph_Driver\src\stm32l1xx_adc.o
                0x080019a0                ADC_GetFlagStatus
 .text.DMA_Init
                0x080019d4       0x7c Libraries\STM32L1xx_StdPeriph_Driver\src\stm32l1xx_dma.o
                0x080019d4                DMA_Init
 .text.DMA_Cmd  0x08001a50       0x38 Libraries\STM32L1xx_StdPeriph_Driver\src\stm32l1xx_dma.o
                0x08001a50                DMA_Cmd
 .text.DMA_ITConfig
                0x08001a88       0x3c Libraries\STM32L1xx_StdPeriph_Driver\src\stm32l1xx_dma.o
                0x08001a88                DMA_ITConfig
 .text.DMA_GetITStatus
                0x08001ac4       0x50 Libraries\STM32L1xx_StdPeriph_Driver\src\stm32l1xx_dma.o
                0x08001ac4                DMA_GetITStatus
 .text.DMA_ClearITPendingBit
                0x08001b14       0x34 Libraries\STM32L1xx_StdPeriph_Driver\src\stm32l1xx_dma.o
                0x08001b14                DMA_ClearITPendingBit
 .text.GPIO_Init
                0x08001b48      0x12c Libraries\STM32L1xx_StdPeriph_Driver\src\stm32l1xx_gpio.o
                0x08001b48                GPIO_Init
 .text.GPIO_PinAFConfig
                0x08001c74       0x90 Libraries\STM32L1xx_StdPeriph_Driver\src\stm32l1xx_gpio.o
                0x08001c74                GPIO_PinAFConfig
 .text.RCC_HSICmd
                0x08001d04       0x20 Libraries\STM32L1xx_StdPeriph_Driver\src\stm32l1xx_rcc.o
                0x08001d04                RCC_HSICmd
 .text.RCC_AHBPeriphClockCmd
                0x08001d24       0x3c Libraries\STM32L1xx_StdPeriph_Driver\src\stm32l1xx_rcc.o
                0x08001d24                RCC_AHBPeriphClockCmd
 .text.RCC_APB2PeriphClockCmd
                0x08001d60       0x3c Libraries\STM32L1xx_StdPeriph_Driver\src\stm32l1xx_rcc.o
                0x08001d60                RCC_APB2PeriphClockCmd
 .text.RCC_GetFlagStatus
                0x08001d9c       0x64 Libraries\STM32L1xx_StdPeriph_Driver\src\stm32l1xx_rcc.o
                0x08001d9c                RCC_GetFlagStatus
 .text.SPI_Init
                0x08001e00       0x88 Libraries\STM32L1xx_StdPeriph_Driver\src\stm32l1xx_spi.o
                0x08001e00                SPI_Init
 .text.SPI_Cmd  0x08001e88       0x40 Libraries\STM32L1xx_StdPeriph_Driver\src\stm32l1xx_spi.o
                0x08001e88                SPI_Cmd
 .text.SPI_I2S_GetFlagStatus
                0x08001ec8       0x38 Libraries\STM32L1xx_StdPeriph_Driver\src\stm32l1xx_spi.o
                0x08001ec8                SPI_I2S_GetFlagStatus
 .text.TIM_GetITStatus
                0x08001f00       0x54 Libraries\STM32L1xx_StdPeriph_Driver\src\stm32l1xx_tim.o
                0x08001f00                TIM_GetITStatus
 .text.TIM_ClearITPendingBit
                0x08001f54       0x20 Libraries\STM32L1xx_StdPeriph_Driver\src\stm32l1xx_tim.o
                0x08001f54                TIM_ClearITPendingBit
 .text.lcdReset
                0x08001f74       0x20 src\ili9163.o
                0x08001f74                lcdReset
 .text.lcdWriteCommand
                0x08001f94       0x20 src\ili9163.o
                0x08001f94                lcdWriteCommand
 .text.lcdWriteParameter
                0x08001fb4       0x20 src\ili9163.o
                0x08001fb4                lcdWriteParameter
 .text.lcdWriteData
                0x08001fd4       0x2c src\ili9163.o
                0x08001fd4                lcdWriteData
 .text.lcdInitialise
                0x08002000      0x1b8 src\ili9163.o
                0x08002000                lcdInitialise
 .text.lcdClearDisplay
                0x080021b8       0x7c src\ili9163.o
                0x080021b8                lcdClearDisplay
 .text.lcdPlot  0x08002234       0x74 src\ili9163.o
                0x08002234                lcdPlot
 .text.lcdLine  0x080022a8      0x158 src\ili9163.o
                0x080022a8                lcdLine
 .text.lcdPlnyTrojuholnik
                0x08002400       0x88 src\ili9163.o
                0x08002400                lcdPlnyTrojuholnik
 .text.lcdPutCh
                0x08002488       0xe8 src\ili9163.o
                0x08002488                lcdPutCh
 .text.decodeRgbValue
                0x08002570       0x38 src\ili9163.o
                0x08002570                decodeRgbValue
 .text.lcdPutS  0x080025a8       0x78 src\ili9163.o
                0x080025a8                lcdPutS
 .text.DMA1_Channel1_IRQHandler
                0x08002620       0x64 src\main.o
                0x08002620                DMA1_Channel1_IRQHandler
 .text.main     0x08002684       0x3c src\main.o
                0x08002684                main
 .text.TIM7_IRQHandler
                0x080026c0       0x78 src\mcu.o
                0x080026c0                TIM7_IRQHandler
 .text.initSPI2
                0x08002738       0xa0 src\spi.o
                0x08002738                initSPI2
 .text.readWriteSPI2
                0x080027d8       0x48 src\spi.o
                0x080027d8                readWriteSPI2
 .text.initCS_Pin
                0x08002820       0x3c src\spi.o
                0x08002820                initCS_Pin
 .text.initCD_Pin
                0x0800285c       0x3c src\spi.o
                0x0800285c                initCD_Pin
 .text.cd_set   0x08002898       0x18 src\spi.o
                0x08002898                cd_set
 .text.cd_reset
                0x080028b0       0x18 src\spi.o
                0x080028b0                cd_reset
 .text.initRES_Pin
                0x080028c8       0x3c src\spi.o
                0x080028c8                initRES_Pin
 .text.res_set  0x08002904       0x18 src\spi.o
                0x08002904                res_set
 .text.res_reset
                0x0800291c       0x18 src\spi.o
                0x0800291c                res_reset
 .text.Reset_Handler
                0x08002934       0x50 src\startup_stm32l1xx_hd.o
                0x08002934                Reset_Handler
 .text.Default_Handler
                0x08002984        0x2 src\startup_stm32l1xx_hd.o
                0x08002984                RTC_Alarm_IRQHandler
                0x08002984                EXTI2_IRQHandler
                0x08002984                COMP_ACQ_IRQHandler
                0x08002984                TIM10_IRQHandler
                0x08002984                USB_HP_IRQHandler
                0x08002984                TIM6_IRQHandler
                0x08002984                PVD_IRQHandler
                0x08002984                SDIO_IRQHandler
                0x08002984                EXTI3_IRQHandler
                0x08002984                EXTI0_IRQHandler
                0x08002984                I2C2_EV_IRQHandler
                0x08002984                SPI1_IRQHandler
                0x08002984                USB_FS_WKUP_IRQHandler
                0x08002984                DMA2_Channel2_IRQHandler
                0x08002984                DMA1_Channel4_IRQHandler
                0x08002984                ADC1_IRQHandler
                0x08002984                USART3_IRQHandler
                0x08002984                DMA1_Channel7_IRQHandler
                0x08002984                LCD_IRQHandler
                0x08002984                UART5_IRQHandler
                0x08002984                TIM4_IRQHandler
                0x08002984                DMA2_Channel1_IRQHandler
                0x08002984                I2C1_EV_IRQHandler
                0x08002984                DMA1_Channel6_IRQHandler
                0x08002984                UART4_IRQHandler
                0x08002984                DMA2_Channel4_IRQHandler
                0x08002984                TIM3_IRQHandler
                0x08002984                RCC_IRQHandler
                0x08002984                Default_Handler
                0x08002984                EXTI15_10_IRQHandler
                0x08002984                TIM5_IRQHandler
                0x08002984                EXTI9_5_IRQHandler
                0x08002984                TIM9_IRQHandler
                0x08002984                TAMPER_STAMP_IRQHandler
                0x08002984                RTC_WKUP_IRQHandler
                0x08002984                SPI2_IRQHandler
                0x08002984                DMA2_Channel5_IRQHandler
                0x08002984                DMA1_Channel5_IRQHandler
                0x08002984                USB_LP_IRQHandler
                0x08002984                EXTI4_IRQHandler
                0x08002984                DMA1_Channel3_IRQHandler
                0x08002984                COMP_IRQHandler
                0x08002984                WWDG_IRQHandler
                0x08002984                TIM2_IRQHandler
                0x08002984                DAC_IRQHandler
                0x08002984                EXTI1_IRQHandler
                0x08002984                AES_IRQHandler
                0x08002984                TIM11_IRQHandler
                0x08002984                USART2_IRQHandler
                0x08002984                I2C2_ER_IRQHandler
                0x08002984                DMA1_Channel2_IRQHandler
                0x08002984                FLASH_IRQHandler
                0x08002984                USART1_IRQHandler
                0x08002984                SPI3_IRQHandler
                0x08002984                I2C1_ER_IRQHandler
                0x08002984                DMA2_Channel3_IRQHandler
 *fill*         0x08002986        0x2 
 .text.NMI_Handler
                0x08002988        0xc src\stm32l1xx_it.o
                0x08002988                NMI_Handler
 .text.HardFault_Handler
                0x08002994        0x8 src\stm32l1xx_it.o
                0x08002994                HardFault_Handler
 .text.MemManage_Handler
                0x0800299c        0x8 src\stm32l1xx_it.o
                0x0800299c                MemManage_Handler
 .text.BusFault_Handler
                0x080029a4        0x8 src\stm32l1xx_it.o
                0x080029a4                BusFault_Handler
 .text.UsageFault_Handler
                0x080029ac        0x8 src\stm32l1xx_it.o
                0x080029ac                UsageFault_Handler
 .text.SVC_Handler
                0x080029b4        0xc src\stm32l1xx_it.o
                0x080029b4                SVC_Handler
 .text.DebugMon_Handler
                0x080029c0        0xc src\stm32l1xx_it.o
                0x080029c0                DebugMon_Handler
 .text.PendSV_Handler
                0x080029cc        0xc src\stm32l1xx_it.o
                0x080029cc                PendSV_Handler
 .text.SysTick_Handler
                0x080029d8        0xc src\stm32l1xx_it.o
                0x080029d8                SysTick_Handler
 .text.normalizuj
                0x080029e4       0x58 src\submenu.o
                0x080029e4                normalizuj
 .text.FloatToString
                0x08002a3c       0xf4 src\submenu.o
                0x08002a3c                FloatToString
 .text.FloatToStringReverz
                0x08002b30       0xf4 src\submenu.o
                0x08002b30                FloatToStringReverz
 .text.otvorInfo
                0x08002c24      0x1b0 src\submenu.o
                0x08002c24                otvorInfo
 .text.otvorRevers
                0x08002dd4      0x1b0 src\submenu.o
                0x08002dd4                otvorRevers
 .text.otvorExpo
                0x08002f84      0x3f0 src\submenu.o
                0x08002f84                otvorExpo
 .text.otvorMix
                0x08003374      0x304 src\submenu.o
                0x08003374                otvorMix
 .text.otvorEPA
                0x08003678      0x13c src\submenu.o
                0x08003678                otvorEPA
 .text.SystemInit
                0x080037b4       0x68 src\system_stm32l1xx.o
                0x080037b4                SystemInit
 .text.SetSysClock
                0x0800381c      0x120 src\system_stm32l1xx.o
 .text.Delay    0x0800393c       0x28 src\test1.o
                0x0800393c                Delay
 .text.pohybMenu
                0x08003964      0x190 src\test1.o
                0x08003964                pohybMenu
 .text.posunSipkyDole
                0x08003af4      0x158 src\test1.o
                0x08003af4                posunSipkyDole
 .text.posunSipkyHore
                0x08003c4c      0x138 src\test1.o
                0x08003c4c                posunSipkyHore
 .text.initMenu
                0x08003d84       0xe8 src\test1.o
                0x08003d84                initMenu
 .text.initGPIO
                0x08003e6c       0x94 src\test1.o
                0x08003e6c                initGPIO
 .text.dma_init
                0x08003f00       0x64 src\test1.o
                0x08003f00                dma_init
 .text.adc_init
                0x08003f64       0xc0 src\test1.o
                0x08003f64                adc_init
 .text.nvic_init
                0x08004024       0x48 src\test1.o
                0x08004024                nvic_init
 .text.ts_itoa  0x0800406c       0x90 src\tiny_printf.o
                0x0800406c                ts_itoa
 .text.ts_formatstring
                0x080040fc      0x130 src\tiny_printf.o
                0x080040fc                ts_formatstring
 .text.siprintf
                0x0800422c       0x2c src\tiny_printf.o
                0x0800422c                siprintf
                0x0800422c                sprintf
 .text.__libc_init_array
                0x08004258       0x4c c:/program files (x86)/atollic/truestudio for arm 6.0.0/armtools/bin/../lib/gcc/arm-atollic-eabi/5.3.1/../../../../arm-atollic-eabi/lib/armv7-m\libc_nano.a(lib_a-init.o)
                0x08004258                __libc_init_array
 .text.exp2     0x080042a4        0xe c:/program files (x86)/atollic/truestudio for arm 6.0.0/armtools/bin/../lib/gcc/arm-atollic-eabi/5.3.1/../../../../arm-atollic-eabi/lib/armv7-m\libm.a(lib_a-w_exp2.o)
                0x080042a4                exp2
 *fill*         0x080042b2        0x2 
 .text.pow      0x080042b4      0x2cc c:/program files (x86)/atollic/truestudio for arm 6.0.0/armtools/bin/../lib/gcc/arm-atollic-eabi/5.3.1/../../../../arm-atollic-eabi/lib/armv7-m\libm.a(lib_a-w_pow.o)
                0x080042b4                pow
 .text.__ieee754_pow
                0x08004580      0x9e8 c:/program files (x86)/atollic/truestudio for arm 6.0.0/armtools/bin/../lib/gcc/arm-atollic-eabi/5.3.1/../../../../arm-atollic-eabi/lib/armv7-m\libm.a(lib_a-e_pow.o)
                0x08004580                __ieee754_pow
 .text.__ieee754_sqrt
                0x08004f68      0x154 c:/program files (x86)/atollic/truestudio for arm 6.0.0/armtools/bin/../lib/gcc/arm-atollic-eabi/5.3.1/../../../../arm-atollic-eabi/lib/armv7-m\libm.a(lib_a-e_sqrt.o)
                0x08004f68                __ieee754_sqrt
 .text.fabs     0x080050bc        0x6 c:/program files (x86)/atollic/truestudio for arm 6.0.0/armtools/bin/../lib/gcc/arm-atollic-eabi/5.3.1/../../../../arm-atollic-eabi/lib/armv7-m\libm.a(lib_a-s_fabs.o)
                0x080050bc                fabs
 .text.finite   0x080050c2        0xc c:/program files (x86)/atollic/truestudio for arm 6.0.0/armtools/bin/../lib/gcc/arm-atollic-eabi/5.3.1/../../../../arm-atollic-eabi/lib/armv7-m\libm.a(lib_a-s_finite.o)
                0x080050c2                finite
 .text.matherr  0x080050ce        0x4 c:/program files (x86)/atollic/truestudio for arm 6.0.0/armtools/bin/../lib/gcc/arm-atollic-eabi/5.3.1/../../../../arm-atollic-eabi/lib/armv7-m\libm.a(lib_a-s_matherr.o)
                0x080050ce                matherr
 *fill*         0x080050d2        0x2 
 .text.nan      0x080050d4        0xc c:/program files (x86)/atollic/truestudio for arm 6.0.0/armtools/bin/../lib/gcc/arm-atollic-eabi/5.3.1/../../../../arm-atollic-eabi/lib/armv7-m\libm.a(lib_a-s_nan.o)
                0x080050d4                nan
 .text.rint     0x080050e0      0x118 c:/program files (x86)/atollic/truestudio for arm 6.0.0/armtools/bin/../lib/gcc/arm-atollic-eabi/5.3.1/../../../../arm-atollic-eabi/lib/armv7-m\libm.a(lib_a-s_rint.o)
                0x080050e0                rint
 .text.scalbn   0x080051f8       0xdc c:/program files (x86)/atollic/truestudio for arm 6.0.0/armtools/bin/../lib/gcc/arm-atollic-eabi/5.3.1/../../../../arm-atollic-eabi/lib/armv7-m\libm.a(lib_a-s_scalbn.o)
                0x080051f8                scalbn
 .text.copysign
                0x080052d4        0xe c:/program files (x86)/atollic/truestudio for arm 6.0.0/armtools/bin/../lib/gcc/arm-atollic-eabi/5.3.1/../../../../arm-atollic-eabi/lib/armv7-m\libm.a(lib_a-s_copysign.o)
                0x080052d4                copysign
 *fill*         0x080052e2        0x2 
 .text.__errno  0x080052e4        0xc c:/program files (x86)/atollic/truestudio for arm 6.0.0/armtools/bin/../lib/gcc/arm-atollic-eabi/5.3.1/../../../../arm-atollic-eabi/lib/armv7-m\libc_nano.a(lib_a-errno.o)
                0x080052e4                __errno
 *(.glue_7)
 .glue_7        0x080052f0        0x0 linker stubs
 *(.glue_7t)
 .glue_7t       0x080052f0        0x0 linker stubs
 *(.eh_frame)
 .eh_frame      0x080052f0        0x0 c:/program files (x86)/atollic/truestudio for arm 6.0.0/armtools/bin/../lib/gcc/arm-atollic-eabi/5.3.1/armv7-m/crtbegin.o
 *(.init)
 .init          0x080052f0        0x4 c:/program files (x86)/atollic/truestudio for arm 6.0.0/armtools/bin/../lib/gcc/arm-atollic-eabi/5.3.1/armv7-m/crti.o
                0x080052f0                _init
 .init          0x080052f4        0x8 c:/program files (x86)/atollic/truestudio for arm 6.0.0/armtools/bin/../lib/gcc/arm-atollic-eabi/5.3.1/armv7-m/crtn.o
 *(.fini)
 .fini          0x080052fc        0x4 c:/program files (x86)/atollic/truestudio for arm 6.0.0/armtools/bin/../lib/gcc/arm-atollic-eabi/5.3.1/armv7-m/crti.o
                0x080052fc                _fini
 .fini          0x08005300        0x8 c:/program files (x86)/atollic/truestudio for arm 6.0.0/armtools/bin/../lib/gcc/arm-atollic-eabi/5.3.1/armv7-m/crtn.o
                0x08005308                . = ALIGN (0x4)
                0x08005308                _etext = .

.vfp11_veneer   0x08005308        0x0
 .vfp11_veneer  0x08005308        0x0 linker stubs

.v4_bx          0x08005308        0x0
 .v4_bx         0x08005308        0x0 linker stubs

.iplt           0x08005308        0x0
 .iplt          0x08005308        0x0 c:/program files (x86)/atollic/truestudio for arm 6.0.0/armtools/bin/../lib/gcc/arm-atollic-eabi/5.3.1/armv7-m/crtbegin.o

.rodata         0x08005308      0x714
                0x08005308                . = ALIGN (0x4)
 *(.rodata)
 .rodata        0x08005308       0xa8 src\submenu.o
 .rodata        0x080053b0       0x20 src\test1.o
 *(.rodata*)
 .rodata.font5x8
                0x080053d0      0x600 src\ili9163.o
                0x080053d0                font5x8
 .rodata.str1.1
                0x080059d0        0x4 c:/program files (x86)/atollic/truestudio for arm 6.0.0/armtools/bin/../lib/gcc/arm-atollic-eabi/5.3.1/../../../../arm-atollic-eabi/lib/armv7-m\libm.a(lib_a-w_pow.o)
 *fill*         0x080059d4        0x4 
 .rodata.dp_h   0x080059d8       0x10 c:/program files (x86)/atollic/truestudio for arm 6.0.0/armtools/bin/../lib/gcc/arm-atollic-eabi/5.3.1/../../../../arm-atollic-eabi/lib/armv7-m\libm.a(lib_a-e_pow.o)
 .rodata.dp_l   0x080059e8       0x10 c:/program files (x86)/atollic/truestudio for arm 6.0.0/armtools/bin/../lib/gcc/arm-atollic-eabi/5.3.1/../../../../arm-atollic-eabi/lib/armv7-m\libm.a(lib_a-e_pow.o)
 .rodata.str1.1
                0x080059f8        0x4 c:/program files (x86)/atollic/truestudio for arm 6.0.0/armtools/bin/../lib/gcc/arm-atollic-eabi/5.3.1/../../../../arm-atollic-eabi/lib/armv7-m\libm.a(lib_a-e_pow.o)
                                  0x1 (size before relaxing)
 .rodata.bp     0x080059f8       0x10 c:/program files (x86)/atollic/truestudio for arm 6.0.0/armtools/bin/../lib/gcc/arm-atollic-eabi/5.3.1/../../../../arm-atollic-eabi/lib/armv7-m\libm.a(lib_a-e_pow.o)
 .rodata.TWO52  0x08005a08       0x10 c:/program files (x86)/atollic/truestudio for arm 6.0.0/armtools/bin/../lib/gcc/arm-atollic-eabi/5.3.1/../../../../arm-atollic-eabi/lib/armv7-m\libm.a(lib_a-s_rint.o)
 .rodata.str1.1
                0x08005a18        0x2 c:/program files (x86)/atollic/truestudio for arm 6.0.0/armtools/bin/../lib/gcc/arm-atollic-eabi/5.3.1/../../../../arm-atollic-eabi/lib/armv7-m\libc_nano.a(lib_a-impure.o)
                0x08005a1c                . = ALIGN (0x4)
 *fill*         0x08005a1a        0x2 

.ARM.extab
 *(.ARM.extab* .gnu.linkonce.armextab.*)

.ARM            0x08005a1c        0x8
                0x08005a1c                __exidx_start = .
 *(.ARM.exidx*)
 .ARM.exidx     0x08005a1c        0x8 c:/program files (x86)/atollic/truestudio for arm 6.0.0/armtools/bin/../lib/gcc/arm-atollic-eabi/5.3.1/armv7-m\libgcc.a(_udivmoddi4.o)
                0x08005a24                __exidx_end = .

.rel.dyn        0x08005a24        0x0
 .rel.iplt      0x08005a24        0x0 c:/program files (x86)/atollic/truestudio for arm 6.0.0/armtools/bin/../lib/gcc/arm-atollic-eabi/5.3.1/armv7-m/crtbegin.o

.preinit_array  0x08005a24        0x0
                0x08005a24                PROVIDE (__preinit_array_start, .)
 *(.preinit_array*)
                0x08005a24                PROVIDE (__preinit_array_end, .)

.init_array     0x08005a24        0x4
                0x08005a24                PROVIDE (__init_array_start, .)
 *(SORT(.init_array.*))
 *(.init_array*)
 .init_array    0x08005a24        0x4 c:/program files (x86)/atollic/truestudio for arm 6.0.0/armtools/bin/../lib/gcc/arm-atollic-eabi/5.3.1/armv7-m/crtbegin.o
                0x08005a28                PROVIDE (__init_array_end, .)

.fini_array     0x08005a28        0x4
                [!provide]                PROVIDE (__fini_array_start, .)
 *(SORT(.fini_array.*))
 *(.fini_array*)
 .fini_array    0x08005a28        0x4 c:/program files (x86)/atollic/truestudio for arm 6.0.0/armtools/bin/../lib/gcc/arm-atollic-eabi/5.3.1/armv7-m/crtbegin.o
                [!provide]                PROVIDE (__fini_array_end, .)
                0x08005a2c                _sidata = LOADADDR (.data)

.data           0x20000000       0x8c load address 0x08005a2c
                0x20000000                . = ALIGN (0x4)
                0x20000000                _sdata = .
 *(.data)
 *(.data*)
 .data.shimmerDutyCycle
                0x20000000        0x2 src\mcu.o
 *fill*         0x20000002        0x2 
 .data.plynMIN  0x20000004        0x4 src\submenu.o
                0x20000004                plynMIN
 .data.plynMAX  0x20000008        0x4 src\submenu.o
                0x20000008                plynMAX
 .data.vyskovkaMIN
                0x2000000c        0x4 src\submenu.o
                0x2000000c                vyskovkaMIN
 .data.vyskovkaMAX
                0x20000010        0x4 src\submenu.o
                0x20000010                vyskovkaMAX
 .data.smerovkaMIN
                0x20000014        0x4 src\submenu.o
                0x20000014                smerovkaMIN
 .data.smerovkaMAX
                0x20000018        0x4 src\submenu.o
                0x20000018                smerovkaMAX
 .data.kridielkoMIN
                0x2000001c        0x4 src\submenu.o
                0x2000001c                kridielkoMIN
 .data.kridielkoMAX
                0x20000020        0x4 src\submenu.o
                0x20000020                kridielkoMAX
 .data.__fdlib_version
                0x20000024        0x1 c:/program files (x86)/atollic/truestudio for arm 6.0.0/armtools/bin/../lib/gcc/arm-atollic-eabi/5.3.1/../../../../arm-atollic-eabi/lib/armv7-m\libm.a(lib_a-s_lib_ver.o)
                0x20000024                __fdlib_version
 *fill*         0x20000025        0x3 
 .data.impure_data
                0x20000028       0x60 c:/program files (x86)/atollic/truestudio for arm 6.0.0/armtools/bin/../lib/gcc/arm-atollic-eabi/5.3.1/../../../../arm-atollic-eabi/lib/armv7-m\libc_nano.a(lib_a-impure.o)
 .data._impure_ptr
                0x20000088        0x4 c:/program files (x86)/atollic/truestudio for arm 6.0.0/armtools/bin/../lib/gcc/arm-atollic-eabi/5.3.1/../../../../arm-atollic-eabi/lib/armv7-m\libc_nano.a(lib_a-impure.o)
                0x20000088                _impure_ptr
                0x2000008c                . = ALIGN (0x4)
                0x2000008c                _edata = .

.igot.plt       0x2000008c        0x0 load address 0x08005ab8
 .igot.plt      0x2000008c        0x0 c:/program files (x86)/atollic/truestudio for arm 6.0.0/armtools/bin/../lib/gcc/arm-atollic-eabi/5.3.1/armv7-m/crtbegin.o
                0x2000008c                . = ALIGN (0x4)

.bss            0x20000090       0xa0 load address 0x08005ab8
                0x20000090                _sbss = .
                0x20000090                __bss_start__ = _sbss
 *(.bss)
 .bss           0x20000090       0x1c c:/program files (x86)/atollic/truestudio for arm 6.0.0/armtools/bin/../lib/gcc/arm-atollic-eabi/5.3.1/armv7-m/crtbegin.o
 *(.bss*)
 .bss.gShimmerFlag
                0x200000ac        0x1 src\mcu.o
                0x200000ac                gShimmerFlag
 *fill*         0x200000ad        0x3 
 .bss.backlitTimer
                0x200000b0        0x8 src\mcu.o
 .bss.shimmerModulo
                0x200000b8        0x2 src\mcu.o
 *fill*         0x200000ba        0x2 
 .bss.trim      0x200000bc        0x4 src\submenu.o
                0x200000bc                trim
 .bss.str.8450  0x200000c0        0x6 src\submenu.o
 *fill*         0x200000c6        0x2 
 .bss.str.8451  0x200000c8        0x5 src\submenu.o
 *fill*         0x200000cd        0x3 
 .bss.str.8455  0x200000d0        0x6 src\submenu.o
 *fill*         0x200000d6        0x2 
 .bss.str.8456  0x200000d8        0x5 src\submenu.o
 *(COMMON)
 *fill*         0x200000dd        0x3 
 COMMON         0x200000e0       0x20 src\main.o
                0x200000e0                smerovka
                0x200000e2                defaultB
                0x200000e4                plyn
                0x200000e6                aktualneB
                0x200000e8                klavesnica
                0x200000ea                vyskovka
                0x200000ec                subMenu
                0x200000f0                ADC1ConvertedValue
                0x200000fa                kridielko
                0x200000fc                aktualneA
                0x200000fe                defaultA
 COMMON         0x20000100       0x30 src\submenu.o
                0x20000100                kridielkoNORM
                0x20000104                vyskovkaNORM
                0x20000108                smerovkaNORM
                0x2000010c                plynNORMdiff
                0x20000110                NORMdiff
                0x20000114                plynNORM
                0x20000118                NORM
                0x2000011c                plynNORMint2
                0x20000120                plynNORMint
                0x20000124                NORMint
                0x20000128                NORMint2
                0x2000012c                MIX
                0x20000130                . = ALIGN (0x4)
                0x20000130                _ebss = .
                0x20000130                __bss_end__ = _ebss

._user_heap_stack
                0x20000130      0x400 load address 0x08005ab8
                0x20000130                . = ALIGN (0x4)
                [!provide]                PROVIDE (end, .)
                [!provide]                PROVIDE (_end, .)
                0x20000130                . = (. + _Min_Heap_Size)
                0x20000530                . = (. + _Min_Stack_Size)
 *fill*         0x20000130      0x400 
                0x20000530                . = ALIGN (0x4)

.memory_b1_text
 *(.mb1text)
 *(.mb1text*)
 *(.mb1rodata)
 *(.mb1rodata*)

/DISCARD/
 libc.a(*)
 libm.a(*)
 libgcc.a(*)

.ARM.attributes
                0x00000000       0x29
 *(.ARM.attributes)
 .ARM.attributes
                0x00000000       0x1d c:/program files (x86)/atollic/truestudio for arm 6.0.0/armtools/bin/../lib/gcc/arm-atollic-eabi/5.3.1/armv7-m/crti.o
 .ARM.attributes
                0x0000001d       0x2d c:/program files (x86)/atollic/truestudio for arm 6.0.0/armtools/bin/../lib/gcc/arm-atollic-eabi/5.3.1/armv7-m/crtbegin.o
 .ARM.attributes
                0x0000004a       0x33 Libraries\STM32L1xx_StdPeriph_Driver\src\misc.o
 .ARM.attributes
                0x0000007d       0x33 Libraries\STM32L1xx_StdPeriph_Driver\src\stm32l1xx_adc.o
 .ARM.attributes
                0x000000b0       0x33 Libraries\STM32L1xx_StdPeriph_Driver\src\stm32l1xx_dma.o
 .ARM.attributes
                0x000000e3       0x33 Libraries\STM32L1xx_StdPeriph_Driver\src\stm32l1xx_gpio.o
 .ARM.attributes
                0x00000116       0x33 Libraries\STM32L1xx_StdPeriph_Driver\src\stm32l1xx_rcc.o
 .ARM.attributes
                0x00000149       0x33 Libraries\STM32L1xx_StdPeriph_Driver\src\stm32l1xx_spi.o
 .ARM.attributes
                0x0000017c       0x33 Libraries\STM32L1xx_StdPeriph_Driver\src\stm32l1xx_tim.o
 .ARM.attributes
                0x000001af       0x33 src\ili9163.o
 .ARM.attributes
                0x000001e2       0x33 src\main.o
 .ARM.attributes
                0x00000215       0x33 src\mcu.o
 .ARM.attributes
                0x00000248       0x33 src\spi.o
 .ARM.attributes
                0x0000027b       0x21 src\startup_stm32l1xx_hd.o
 .ARM.attributes
                0x0000029c       0x33 src\stm32l1xx_it.o
 .ARM.attributes
                0x000002cf       0x33 src\submenu.o
 .ARM.attributes
                0x00000302       0x33 src\system_stm32l1xx.o
 .ARM.attributes
                0x00000335       0x33 src\test1.o
 .ARM.attributes
                0x00000368       0x33 src\tiny_printf.o
 .ARM.attributes
                0x0000039b       0x2d c:/program files (x86)/atollic/truestudio for arm 6.0.0/armtools/bin/../lib/gcc/arm-atollic-eabi/5.3.1/../../../../arm-atollic-eabi/lib/armv7-m\libc_nano.a(lib_a-init.o)
 .ARM.attributes
                0x000003c8       0x17 c:/program files (x86)/atollic/truestudio for arm 6.0.0/armtools/bin/../lib/gcc/arm-atollic-eabi/5.3.1/../../../../arm-atollic-eabi/lib/armv7-m\libc_nano.a(lib_a-strlen.o)
 .ARM.attributes
                0x000003df       0x2d c:/program files (x86)/atollic/truestudio for arm 6.0.0/armtools/bin/../lib/gcc/arm-atollic-eabi/5.3.1/../../../../arm-atollic-eabi/lib/armv7-m\libm.a(lib_a-w_exp2.o)
 .ARM.attributes
                0x0000040c       0x2d c:/program files (x86)/atollic/truestudio for arm 6.0.0/armtools/bin/../lib/gcc/arm-atollic-eabi/5.3.1/../../../../arm-atollic-eabi/lib/armv7-m\libm.a(lib_a-w_pow.o)
 .ARM.attributes
                0x00000439       0x2d c:/program files (x86)/atollic/truestudio for arm 6.0.0/armtools/bin/../lib/gcc/arm-atollic-eabi/5.3.1/../../../../arm-atollic-eabi/lib/armv7-m\libm.a(lib_a-e_pow.o)
 .ARM.attributes
                0x00000466       0x2d c:/program files (x86)/atollic/truestudio for arm 6.0.0/armtools/bin/../lib/gcc/arm-atollic-eabi/5.3.1/../../../../arm-atollic-eabi/lib/armv7-m\libm.a(lib_a-e_sqrt.o)
 .ARM.attributes
                0x00000493       0x2d c:/program files (x86)/atollic/truestudio for arm 6.0.0/armtools/bin/../lib/gcc/arm-atollic-eabi/5.3.1/../../../../arm-atollic-eabi/lib/armv7-m\libm.a(lib_a-s_fabs.o)
 .ARM.attributes
                0x000004c0       0x2d c:/program files (x86)/atollic/truestudio for arm 6.0.0/armtools/bin/../lib/gcc/arm-atollic-eabi/5.3.1/../../../../arm-atollic-eabi/lib/armv7-m\libm.a(lib_a-s_finite.o)
 .ARM.attributes
                0x000004ed       0x2d c:/program files (x86)/atollic/truestudio for arm 6.0.0/armtools/bin/../lib/gcc/arm-atollic-eabi/5.3.1/../../../../arm-atollic-eabi/lib/armv7-m\libm.a(lib_a-s_lib_ver.o)
 .ARM.attributes
                0x0000051a       0x2d c:/program files (x86)/atollic/truestudio for arm 6.0.0/armtools/bin/../lib/gcc/arm-atollic-eabi/5.3.1/../../../../arm-atollic-eabi/lib/armv7-m\libm.a(lib_a-s_matherr.o)
 .ARM.attributes
                0x00000547       0x2d c:/program files (x86)/atollic/truestudio for arm 6.0.0/armtools/bin/../lib/gcc/arm-atollic-eabi/5.3.1/../../../../arm-atollic-eabi/lib/armv7-m\libm.a(lib_a-s_nan.o)
 .ARM.attributes
                0x00000574       0x2d c:/program files (x86)/atollic/truestudio for arm 6.0.0/armtools/bin/../lib/gcc/arm-atollic-eabi/5.3.1/../../../../arm-atollic-eabi/lib/armv7-m\libm.a(lib_a-s_rint.o)
 .ARM.attributes
                0x000005a1       0x2d c:/program files (x86)/atollic/truestudio for arm 6.0.0/armtools/bin/../lib/gcc/arm-atollic-eabi/5.3.1/../../../../arm-atollic-eabi/lib/armv7-m\libm.a(lib_a-s_scalbn.o)
 .ARM.attributes
                0x000005ce       0x2d c:/program files (x86)/atollic/truestudio for arm 6.0.0/armtools/bin/../lib/gcc/arm-atollic-eabi/5.3.1/../../../../arm-atollic-eabi/lib/armv7-m\libm.a(lib_a-s_copysign.o)
 .ARM.attributes
                0x000005fb       0x2d c:/program files (x86)/atollic/truestudio for arm 6.0.0/armtools/bin/../lib/gcc/arm-atollic-eabi/5.3.1/../../../../arm-atollic-eabi/lib/armv7-m\libc_nano.a(lib_a-errno.o)
 .ARM.attributes
                0x00000628       0x2d c:/program files (x86)/atollic/truestudio for arm 6.0.0/armtools/bin/../lib/gcc/arm-atollic-eabi/5.3.1/../../../../arm-atollic-eabi/lib/armv7-m\libc_nano.a(lib_a-impure.o)
 .ARM.attributes
                0x00000655       0x1d c:/program files (x86)/atollic/truestudio for arm 6.0.0/armtools/bin/../lib/gcc/arm-atollic-eabi/5.3.1/armv7-m\libgcc.a(_arm_addsubdf3.o)
 .ARM.attributes
                0x00000672       0x1d c:/program files (x86)/atollic/truestudio for arm 6.0.0/armtools/bin/../lib/gcc/arm-atollic-eabi/5.3.1/armv7-m\libgcc.a(_arm_muldivdf3.o)
 .ARM.attributes
                0x0000068f       0x1d c:/program files (x86)/atollic/truestudio for arm 6.0.0/armtools/bin/../lib/gcc/arm-atollic-eabi/5.3.1/armv7-m\libgcc.a(_arm_cmpdf2.o)
 .ARM.attributes
                0x000006ac       0x1d c:/program files (x86)/atollic/truestudio for arm 6.0.0/armtools/bin/../lib/gcc/arm-atollic-eabi/5.3.1/armv7-m\libgcc.a(_arm_unorddf2.o)
 .ARM.attributes
                0x000006c9       0x1d c:/program files (x86)/atollic/truestudio for arm 6.0.0/armtools/bin/../lib/gcc/arm-atollic-eabi/5.3.1/armv7-m\libgcc.a(_arm_truncdfsf2.o)
 .ARM.attributes
                0x000006e6       0x1d c:/program files (x86)/atollic/truestudio for arm 6.0.0/armtools/bin/../lib/gcc/arm-atollic-eabi/5.3.1/armv7-m\libgcc.a(_arm_addsubsf3.o)
 .ARM.attributes
                0x00000703       0x1d c:/program files (x86)/atollic/truestudio for arm 6.0.0/armtools/bin/../lib/gcc/arm-atollic-eabi/5.3.1/armv7-m\libgcc.a(_arm_muldivsf3.o)
 .ARM.attributes
                0x00000720       0x1d c:/program files (x86)/atollic/truestudio for arm 6.0.0/armtools/bin/../lib/gcc/arm-atollic-eabi/5.3.1/armv7-m\libgcc.a(_arm_cmpsf2.o)
 .ARM.attributes
                0x0000073d       0x1d c:/program files (x86)/atollic/truestudio for arm 6.0.0/armtools/bin/../lib/gcc/arm-atollic-eabi/5.3.1/armv7-m\libgcc.a(_arm_fixsfsi.o)
 .ARM.attributes
                0x0000075a       0x1d c:/program files (x86)/atollic/truestudio for arm 6.0.0/armtools/bin/../lib/gcc/arm-atollic-eabi/5.3.1/armv7-m\libgcc.a(_aeabi_uldivmod.o)
 .ARM.attributes
                0x00000777       0x2d c:/program files (x86)/atollic/truestudio for arm 6.0.0/armtools/bin/../lib/gcc/arm-atollic-eabi/5.3.1/armv7-m\libgcc.a(_udivmoddi4.o)
 .ARM.attributes
                0x000007a4       0x1d c:/program files (x86)/atollic/truestudio for arm 6.0.0/armtools/bin/../lib/gcc/arm-atollic-eabi/5.3.1/armv7-m\libgcc.a(_dvmd_tls.o)
 .ARM.attributes
                0x000007c1       0x1d c:/program files (x86)/atollic/truestudio for arm 6.0.0/armtools/bin/../lib/gcc/arm-atollic-eabi/5.3.1/armv7-m/crtn.o
OUTPUT(Nehehe.elf elf32-littlearm)

.debug_info     0x00000000     0x83d4
 .debug_info    0x00000000      0x55a Libraries\STM32L1xx_StdPeriph_Driver\src\misc.o
 .debug_info    0x0000055a      0xcb5 Libraries\STM32L1xx_StdPeriph_Driver\src\stm32l1xx_adc.o
 .debug_info    0x0000120f      0x47f Libraries\STM32L1xx_StdPeriph_Driver\src\stm32l1xx_dma.o
 .debug_info    0x0000168e      0x65f Libraries\STM32L1xx_StdPeriph_Driver\src\stm32l1xx_gpio.o
 .debug_info    0x00001ced      0xa29 Libraries\STM32L1xx_StdPeriph_Driver\src\stm32l1xx_rcc.o
 .debug_info    0x00002716      0x8f3 Libraries\STM32L1xx_StdPeriph_Driver\src\stm32l1xx_spi.o
 .debug_info    0x00003009     0x196f Libraries\STM32L1xx_StdPeriph_Driver\src\stm32l1xx_tim.o
 .debug_info    0x00004978      0x63a src\ili9163.o
 .debug_info    0x00004fb2      0x27e src\main.o
 .debug_info    0x00005230      0x9fa src\mcu.o
 .debug_info    0x00005c2a      0x5be src\spi.o
 .debug_info    0x000061e8       0x69 src\startup_stm32l1xx_hd.o
 .debug_info    0x00006251      0x133 src\stm32l1xx_it.o
 .debug_info    0x00006384      0x597 src\submenu.o
 .debug_info    0x0000691b      0x568 src\system_stm32l1xx.o
 .debug_info    0x00006e83      0x986 src\test1.o
 .debug_info    0x00007809      0xbcb src\tiny_printf.o

.debug_abbrev   0x00000000     0x1776
 .debug_abbrev  0x00000000      0x149 Libraries\STM32L1xx_StdPeriph_Driver\src\misc.o
 .debug_abbrev  0x00000149      0x182 Libraries\STM32L1xx_StdPeriph_Driver\src\stm32l1xx_adc.o
 .debug_abbrev  0x000002cb      0x159 Libraries\STM32L1xx_StdPeriph_Driver\src\stm32l1xx_dma.o
 .debug_abbrev  0x00000424      0x1a9 Libraries\STM32L1xx_StdPeriph_Driver\src\stm32l1xx_gpio.o
 .debug_abbrev  0x000005cd      0x1e7 Libraries\STM32L1xx_StdPeriph_Driver\src\stm32l1xx_rcc.o
 .debug_abbrev  0x000007b4      0x182 Libraries\STM32L1xx_StdPeriph_Driver\src\stm32l1xx_spi.o
 .debug_abbrev  0x00000936      0x1b4 Libraries\STM32L1xx_StdPeriph_Driver\src\stm32l1xx_tim.o
 .debug_abbrev  0x00000aea      0x178 src\ili9163.o
 .debug_abbrev  0x00000c62       0xf7 src\main.o
 .debug_abbrev  0x00000d59      0x1f7 src\mcu.o
 .debug_abbrev  0x00000f50      0x151 src\spi.o
 .debug_abbrev  0x000010a1       0x12 src\startup_stm32l1xx_hd.o
 .debug_abbrev  0x000010b3       0x67 src\stm32l1xx_it.o
 .debug_abbrev  0x0000111a      0x11d src\submenu.o
 .debug_abbrev  0x00001237      0x149 src\system_stm32l1xx.o
 .debug_abbrev  0x00001380      0x1ae src\test1.o
 .debug_abbrev  0x0000152e      0x248 src\tiny_printf.o

.debug_aranges  0x00000000      0xad8
 .debug_aranges
                0x00000000       0x40 Libraries\STM32L1xx_StdPeriph_Driver\src\misc.o
 .debug_aranges
                0x00000040      0x148 Libraries\STM32L1xx_StdPeriph_Driver\src\stm32l1xx_adc.o
 .debug_aranges
                0x00000188       0x70 Libraries\STM32L1xx_StdPeriph_Driver\src\stm32l1xx_dma.o
 .debug_aranges
                0x000001f8       0x88 Libraries\STM32L1xx_StdPeriph_Driver\src\stm32l1xx_gpio.o
 .debug_aranges
                0x00000280      0x148 Libraries\STM32L1xx_StdPeriph_Driver\src\stm32l1xx_rcc.o
 .debug_aranges
                0x000003c8       0xd0 Libraries\STM32L1xx_StdPeriph_Driver\src\stm32l1xx_spi.o
 .debug_aranges
                0x00000498      0x2b8 Libraries\STM32L1xx_StdPeriph_Driver\src\stm32l1xx_tim.o
 .debug_aranges
                0x00000750       0xa0 src\ili9163.o
 .debug_aranges
                0x000007f0       0x38 src\main.o
 .debug_aranges
                0x00000828       0x68 src\mcu.o
 .debug_aranges
                0x00000890       0x70 src\spi.o
 .debug_aranges
                0x00000900       0x28 src\startup_stm32l1xx_hd.o
 .debug_aranges
                0x00000928       0x60 src\stm32l1xx_it.o
 .debug_aranges
                0x00000988       0x60 src\submenu.o
 .debug_aranges
                0x000009e8       0x30 src\system_stm32l1xx.o
 .debug_aranges
                0x00000a18       0x60 src\test1.o
 .debug_aranges
                0x00000a78       0x60 src\tiny_printf.o

.debug_ranges   0x00000000      0x9d0
 .debug_ranges  0x00000000       0x30 Libraries\STM32L1xx_StdPeriph_Driver\src\misc.o
 .debug_ranges  0x00000030      0x138 Libraries\STM32L1xx_StdPeriph_Driver\src\stm32l1xx_adc.o
 .debug_ranges  0x00000168       0x60 Libraries\STM32L1xx_StdPeriph_Driver\src\stm32l1xx_dma.o
 .debug_ranges  0x000001c8       0x78 Libraries\STM32L1xx_StdPeriph_Driver\src\stm32l1xx_gpio.o
 .debug_ranges  0x00000240      0x138 Libraries\STM32L1xx_StdPeriph_Driver\src\stm32l1xx_rcc.o
 .debug_ranges  0x00000378       0xc0 Libraries\STM32L1xx_StdPeriph_Driver\src\stm32l1xx_spi.o
 .debug_ranges  0x00000438      0x2a8 Libraries\STM32L1xx_StdPeriph_Driver\src\stm32l1xx_tim.o
 .debug_ranges  0x000006e0       0x90 src\ili9163.o
 .debug_ranges  0x00000770       0x28 src\main.o
 .debug_ranges  0x00000798       0x58 src\mcu.o
 .debug_ranges  0x000007f0       0x60 src\spi.o
 .debug_ranges  0x00000850       0x20 src\startup_stm32l1xx_hd.o
 .debug_ranges  0x00000870       0x50 src\stm32l1xx_it.o
 .debug_ranges  0x000008c0       0x50 src\submenu.o
 .debug_ranges  0x00000910       0x20 src\system_stm32l1xx.o
 .debug_ranges  0x00000930       0x50 src\test1.o
 .debug_ranges  0x00000980       0x50 src\tiny_printf.o

.debug_line     0x00000000     0x3997
 .debug_line    0x00000000      0x242 Libraries\STM32L1xx_StdPeriph_Driver\src\misc.o
 .debug_line    0x00000242      0x592 Libraries\STM32L1xx_StdPeriph_Driver\src\stm32l1xx_adc.o
 .debug_line    0x000007d4      0x337 Libraries\STM32L1xx_StdPeriph_Driver\src\stm32l1xx_dma.o
 .debug_line    0x00000b0b      0x35d Libraries\STM32L1xx_StdPeriph_Driver\src\stm32l1xx_gpio.o
 .debug_line    0x00000e68      0x521 Libraries\STM32L1xx_StdPeriph_Driver\src\stm32l1xx_rcc.o
 .debug_line    0x00001389      0x427 Libraries\STM32L1xx_StdPeriph_Driver\src\stm32l1xx_spi.o
 .debug_line    0x000017b0      0x989 Libraries\STM32L1xx_StdPeriph_Driver\src\stm32l1xx_tim.o
 .debug_line    0x00002139      0x37b src\ili9163.o
 .debug_line    0x000024b4      0x1a4 src\main.o
 .debug_line    0x00002658      0x32e src\mcu.o
 .debug_line    0x00002986      0x2c2 src\spi.o
 .debug_line    0x00002c48       0x7c src\startup_stm32l1xx_hd.o
 .debug_line    0x00002cc4      0x1e7 src\stm32l1xx_it.o
 .debug_line    0x00002eab      0x29f src\submenu.o
 .debug_line    0x0000314a      0x21a src\system_stm32l1xx.o
 .debug_line    0x00003364      0x37a src\test1.o
 .debug_line    0x000036de      0x2b9 src\tiny_printf.o

.debug_str      0x00000000     0x324b
 .debug_str     0x00000000      0x3af Libraries\STM32L1xx_StdPeriph_Driver\src\misc.o
                                0x403 (size before relaxing)
 .debug_str     0x000003af      0x63a Libraries\STM32L1xx_StdPeriph_Driver\src\stm32l1xx_adc.o
                                0x82a (size before relaxing)
 .debug_str     0x000009e9      0x217 Libraries\STM32L1xx_StdPeriph_Driver\src\stm32l1xx_dma.o
                                0x3fc (size before relaxing)
 .debug_str     0x00000c00      0x325 Libraries\STM32L1xx_StdPeriph_Driver\src\stm32l1xx_gpio.o
                                0x500 (size before relaxing)
 .debug_str     0x00000f25      0x519 Libraries\STM32L1xx_StdPeriph_Driver\src\stm32l1xx_rcc.o
                                0x744 (size before relaxing)
 .debug_str     0x0000143e      0x388 Libraries\STM32L1xx_StdPeriph_Driver\src\stm32l1xx_spi.o
                                0x631 (size before relaxing)
 .debug_str     0x000017c6      0x9ef Libraries\STM32L1xx_StdPeriph_Driver\src\stm32l1xx_tim.o
                                0xc7a (size before relaxing)
 .debug_str     0x000021b5      0x1b6 src\ili9163.o
                                0x33b (size before relaxing)
 .debug_str     0x0000236b       0xc0 src\main.o
                                0x27f (size before relaxing)
 .debug_str     0x0000242b      0x60f src\mcu.o
                                0xb18 (size before relaxing)
 .debug_str     0x00002a3a       0xa6 src\spi.o
                                0x502 (size before relaxing)
 .debug_str     0x00002ae0       0xa6 src\stm32l1xx_it.o
                                0x210 (size before relaxing)
 .debug_str     0x00002b86      0x16f src\submenu.o
                                0x3a3 (size before relaxing)
 .debug_str     0x00002cf5       0x9e src\system_stm32l1xx.o
                                0x36f (size before relaxing)
 .debug_str     0x00002d93       0x77 src\test1.o
                                0xa6c (size before relaxing)
 .debug_str     0x00002e0a      0x441 src\tiny_printf.o
                                0x5db (size before relaxing)

.comment        0x00000000       0x7e
 .comment       0x00000000       0x7e Libraries\STM32L1xx_StdPeriph_Driver\src\misc.o
                                 0x7f (size before relaxing)
 .comment       0x0000007e       0x7f Libraries\STM32L1xx_StdPeriph_Driver\src\stm32l1xx_adc.o
 .comment       0x0000007e       0x7f Libraries\STM32L1xx_StdPeriph_Driver\src\stm32l1xx_dma.o
 .comment       0x0000007e       0x7f Libraries\STM32L1xx_StdPeriph_Driver\src\stm32l1xx_gpio.o
 .comment       0x0000007e       0x7f Libraries\STM32L1xx_StdPeriph_Driver\src\stm32l1xx_rcc.o
 .comment       0x0000007e       0x7f Libraries\STM32L1xx_StdPeriph_Driver\src\stm32l1xx_spi.o
 .comment       0x0000007e       0x7f Libraries\STM32L1xx_StdPeriph_Driver\src\stm32l1xx_tim.o
 .comment       0x0000007e       0x7f src\ili9163.o
 .comment       0x0000007e       0x7f src\main.o
 .comment       0x0000007e       0x7f src\mcu.o
 .comment       0x0000007e       0x7f src\spi.o
 .comment       0x0000007e       0x7f src\stm32l1xx_it.o
 .comment       0x0000007e       0x7f src\submenu.o
 .comment       0x0000007e       0x7f src\system_stm32l1xx.o
 .comment       0x0000007e       0x7f src\test1.o
 .comment       0x0000007e       0x7f src\tiny_printf.o

.debug_frame    0x00000000     0x303c
 .debug_frame   0x00000000       0xd8 Libraries\STM32L1xx_StdPeriph_Driver\src\misc.o
 .debug_frame   0x000000d8      0x5fc Libraries\STM32L1xx_StdPeriph_Driver\src\stm32l1xx_adc.o
 .debug_frame   0x000006d4      0x1c8 Libraries\STM32L1xx_StdPeriph_Driver\src\stm32l1xx_dma.o
 .debug_frame   0x0000089c      0x23c Libraries\STM32L1xx_StdPeriph_Driver\src\stm32l1xx_gpio.o
 .debug_frame   0x00000ad8      0x5e4 Libraries\STM32L1xx_StdPeriph_Driver\src\stm32l1xx_rcc.o
 .debug_frame   0x000010bc      0x3a0 Libraries\STM32L1xx_StdPeriph_Driver\src\stm32l1xx_spi.o
 .debug_frame   0x0000145c      0xd14 Libraries\STM32L1xx_StdPeriph_Driver\src\stm32l1xx_tim.o
 .debug_frame   0x00002170      0x294 src\ili9163.o
 .debug_frame   0x00002404       0x88 src\main.o
 .debug_frame   0x0000248c      0x170 src\mcu.o
 .debug_frame   0x000025fc      0x184 src\spi.o
 .debug_frame   0x00002780      0x110 src\stm32l1xx_it.o
 .debug_frame   0x00002890      0x170 src\submenu.o
 .debug_frame   0x00002a00       0x7c src\system_stm32l1xx.o
 .debug_frame   0x00002a7c      0x15c src\test1.o
 .debug_frame   0x00002bd8      0x1bc src\tiny_printf.o
 .debug_frame   0x00002d94       0x2c c:/program files (x86)/atollic/truestudio for arm 6.0.0/armtools/bin/../lib/gcc/arm-atollic-eabi/5.3.1/../../../../arm-atollic-eabi/lib/armv7-m\libc_nano.a(lib_a-init.o)
 .debug_frame   0x00002dc0       0x20 c:/program files (x86)/atollic/truestudio for arm 6.0.0/armtools/bin/../lib/gcc/arm-atollic-eabi/5.3.1/../../../../arm-atollic-eabi/lib/armv7-m\libm.a(lib_a-w_exp2.o)
 .debug_frame   0x00002de0       0x40 c:/program files (x86)/atollic/truestudio for arm 6.0.0/armtools/bin/../lib/gcc/arm-atollic-eabi/5.3.1/../../../../arm-atollic-eabi/lib/armv7-m\libm.a(lib_a-w_pow.o)
 .debug_frame   0x00002e20       0x64 c:/program files (x86)/atollic/truestudio for arm 6.0.0/armtools/bin/../lib/gcc/arm-atollic-eabi/5.3.1/../../../../arm-atollic-eabi/lib/armv7-m\libm.a(lib_a-e_pow.o)
 .debug_frame   0x00002e84       0x30 c:/program files (x86)/atollic/truestudio for arm 6.0.0/armtools/bin/../lib/gcc/arm-atollic-eabi/5.3.1/../../../../arm-atollic-eabi/lib/armv7-m\libm.a(lib_a-e_sqrt.o)
 .debug_frame   0x00002eb4       0x20 c:/program files (x86)/atollic/truestudio for arm 6.0.0/armtools/bin/../lib/gcc/arm-atollic-eabi/5.3.1/../../../../arm-atollic-eabi/lib/armv7-m\libm.a(lib_a-s_fabs.o)
 .debug_frame   0x00002ed4       0x20 c:/program files (x86)/atollic/truestudio for arm 6.0.0/armtools/bin/../lib/gcc/arm-atollic-eabi/5.3.1/../../../../arm-atollic-eabi/lib/armv7-m\libm.a(lib_a-s_finite.o)
 .debug_frame   0x00002ef4       0x20 c:/program files (x86)/atollic/truestudio for arm 6.0.0/armtools/bin/../lib/gcc/arm-atollic-eabi/5.3.1/../../../../arm-atollic-eabi/lib/armv7-m\libm.a(lib_a-s_matherr.o)
 .debug_frame   0x00002f14       0x20 c:/program files (x86)/atollic/truestudio for arm 6.0.0/armtools/bin/../lib/gcc/arm-atollic-eabi/5.3.1/../../../../arm-atollic-eabi/lib/armv7-m\libm.a(lib_a-s_nan.o)
 .debug_frame   0x00002f34       0x34 c:/program files (x86)/atollic/truestudio for arm 6.0.0/armtools/bin/../lib/gcc/arm-atollic-eabi/5.3.1/../../../../arm-atollic-eabi/lib/armv7-m\libm.a(lib_a-s_rint.o)
 .debug_frame   0x00002f68       0x30 c:/program files (x86)/atollic/truestudio for arm 6.0.0/armtools/bin/../lib/gcc/arm-atollic-eabi/5.3.1/../../../../arm-atollic-eabi/lib/armv7-m\libm.a(lib_a-s_scalbn.o)
 .debug_frame   0x00002f98       0x20 c:/program files (x86)/atollic/truestudio for arm 6.0.0/armtools/bin/../lib/gcc/arm-atollic-eabi/5.3.1/../../../../arm-atollic-eabi/lib/armv7-m\libm.a(lib_a-s_copysign.o)
 .debug_frame   0x00002fb8       0x20 c:/program files (x86)/atollic/truestudio for arm 6.0.0/armtools/bin/../lib/gcc/arm-atollic-eabi/5.3.1/../../../../arm-atollic-eabi/lib/armv7-m\libc_nano.a(lib_a-errno.o)
 .debug_frame   0x00002fd8       0x2c c:/program files (x86)/atollic/truestudio for arm 6.0.0/armtools/bin/../lib/gcc/arm-atollic-eabi/5.3.1/armv7-m\libgcc.a(_aeabi_uldivmod.o)
 .debug_frame   0x00003004       0x38 c:/program files (x86)/atollic/truestudio for arm 6.0.0/armtools/bin/../lib/gcc/arm-atollic-eabi/5.3.1/armv7-m\libgcc.a(_udivmoddi4.o)

.stabstr        0x00000000       0x3f
 .stabstr       0x00000000       0x3f c:/program files (x86)/atollic/truestudio for arm 6.0.0/armtools/bin/../lib/gcc/arm-atollic-eabi/5.3.1/../../../../arm-atollic-eabi/lib/armv7-m\libnosys.a(write.o)

Cross Reference Table

Symbol                                            File
ADC1ConvertedValue                                src\test1.o
                                                  src\submenu.o
                                                  src\main.o
ADC1_IRQHandler                                   src\startup_stm32l1xx_hd.o
ADC_AnalogWatchdogCmd                             Libraries\STM32L1xx_StdPeriph_Driver\src\stm32l1xx_adc.o
ADC_AnalogWatchdogSingleChannelConfig             Libraries\STM32L1xx_StdPeriph_Driver\src\stm32l1xx_adc.o
ADC_AnalogWatchdogThresholdsConfig                Libraries\STM32L1xx_StdPeriph_Driver\src\stm32l1xx_adc.o
ADC_AutoInjectedConvCmd                           Libraries\STM32L1xx_StdPeriph_Driver\src\stm32l1xx_adc.o
ADC_BankSelection                                 Libraries\STM32L1xx_StdPeriph_Driver\src\stm32l1xx_adc.o
ADC_ClearFlag                                     Libraries\STM32L1xx_StdPeriph_Driver\src\stm32l1xx_adc.o
ADC_ClearITPendingBit                             Libraries\STM32L1xx_StdPeriph_Driver\src\stm32l1xx_adc.o
ADC_Cmd                                           Libraries\STM32L1xx_StdPeriph_Driver\src\stm32l1xx_adc.o
                                                  src\test1.o
ADC_CommonInit                                    Libraries\STM32L1xx_StdPeriph_Driver\src\stm32l1xx_adc.o
ADC_CommonStructInit                              Libraries\STM32L1xx_StdPeriph_Driver\src\stm32l1xx_adc.o
ADC_ContinuousModeCmd                             Libraries\STM32L1xx_StdPeriph_Driver\src\stm32l1xx_adc.o
ADC_DMACmd                                        Libraries\STM32L1xx_StdPeriph_Driver\src\stm32l1xx_adc.o
                                                  src\test1.o
ADC_DMARequestAfterLastTransferCmd                Libraries\STM32L1xx_StdPeriph_Driver\src\stm32l1xx_adc.o
                                                  src\test1.o
ADC_DeInit                                        Libraries\STM32L1xx_StdPeriph_Driver\src\stm32l1xx_adc.o
ADC_DelaySelectionConfig                          Libraries\STM32L1xx_StdPeriph_Driver\src\stm32l1xx_adc.o
ADC_DiscModeChannelCountConfig                    Libraries\STM32L1xx_StdPeriph_Driver\src\stm32l1xx_adc.o
ADC_DiscModeCmd                                   Libraries\STM32L1xx_StdPeriph_Driver\src\stm32l1xx_adc.o
ADC_EOCOnEachRegularChannelCmd                    Libraries\STM32L1xx_StdPeriph_Driver\src\stm32l1xx_adc.o
ADC_ExternalTrigInjectedConvConfig                Libraries\STM32L1xx_StdPeriph_Driver\src\stm32l1xx_adc.o
ADC_ExternalTrigInjectedConvEdgeConfig            Libraries\STM32L1xx_StdPeriph_Driver\src\stm32l1xx_adc.o
ADC_GetConversionValue                            Libraries\STM32L1xx_StdPeriph_Driver\src\stm32l1xx_adc.o
ADC_GetFlagStatus                                 Libraries\STM32L1xx_StdPeriph_Driver\src\stm32l1xx_adc.o
                                                  src\test1.o
ADC_GetITStatus                                   Libraries\STM32L1xx_StdPeriph_Driver\src\stm32l1xx_adc.o
ADC_GetInjectedConversionValue                    Libraries\STM32L1xx_StdPeriph_Driver\src\stm32l1xx_adc.o
ADC_GetSoftwareStartConvStatus                    Libraries\STM32L1xx_StdPeriph_Driver\src\stm32l1xx_adc.o
ADC_GetSoftwareStartInjectedConvCmdStatus         Libraries\STM32L1xx_StdPeriph_Driver\src\stm32l1xx_adc.o
ADC_ITConfig                                      Libraries\STM32L1xx_StdPeriph_Driver\src\stm32l1xx_adc.o
                                                  src\test1.o
ADC_Init                                          Libraries\STM32L1xx_StdPeriph_Driver\src\stm32l1xx_adc.o
                                                  src\test1.o
ADC_InjectedChannelConfig                         Libraries\STM32L1xx_StdPeriph_Driver\src\stm32l1xx_adc.o
ADC_InjectedDiscModeCmd                           Libraries\STM32L1xx_StdPeriph_Driver\src\stm32l1xx_adc.o
ADC_InjectedSequencerLengthConfig                 Libraries\STM32L1xx_StdPeriph_Driver\src\stm32l1xx_adc.o
ADC_PowerDownCmd                                  Libraries\STM32L1xx_StdPeriph_Driver\src\stm32l1xx_adc.o
ADC_RegularChannelConfig                          Libraries\STM32L1xx_StdPeriph_Driver\src\stm32l1xx_adc.o
                                                  src\test1.o
ADC_SetInjectedOffset                             Libraries\STM32L1xx_StdPeriph_Driver\src\stm32l1xx_adc.o
ADC_SoftwareStartConv                             Libraries\STM32L1xx_StdPeriph_Driver\src\stm32l1xx_adc.o
                                                  src\test1.o
ADC_SoftwareStartInjectedConv                     Libraries\STM32L1xx_StdPeriph_Driver\src\stm32l1xx_adc.o
ADC_StructInit                                    Libraries\STM32L1xx_StdPeriph_Driver\src\stm32l1xx_adc.o
                                                  src\test1.o
ADC_TempSensorVrefintCmd                          Libraries\STM32L1xx_StdPeriph_Driver\src\stm32l1xx_adc.o
AES_CBC_Decrypt                                   Libraries\STM32L1xx_StdPeriph_Driver\src\stm32l1xx_aes_util.o
AES_CBC_Encrypt                                   Libraries\STM32L1xx_StdPeriph_Driver\src\stm32l1xx_aes_util.o
AES_CTR_Decrypt                                   Libraries\STM32L1xx_StdPeriph_Driver\src\stm32l1xx_aes_util.o
AES_CTR_Encrypt                                   Libraries\STM32L1xx_StdPeriph_Driver\src\stm32l1xx_aes_util.o
AES_ClearFlag                                     Libraries\STM32L1xx_StdPeriph_Driver\src\stm32l1xx_aes.o
                                                  Libraries\STM32L1xx_StdPeriph_Driver\src\stm32l1xx_aes_util.o
AES_ClearITPendingBit                             Libraries\STM32L1xx_StdPeriph_Driver\src\stm32l1xx_aes.o
AES_Cmd                                           Libraries\STM32L1xx_StdPeriph_Driver\src\stm32l1xx_aes.o
                                                  Libraries\STM32L1xx_StdPeriph_Driver\src\stm32l1xx_aes_util.o
AES_DMAConfig                                     Libraries\STM32L1xx_StdPeriph_Driver\src\stm32l1xx_aes.o
AES_DeInit                                        Libraries\STM32L1xx_StdPeriph_Driver\src\stm32l1xx_aes.o
AES_ECB_Decrypt                                   Libraries\STM32L1xx_StdPeriph_Driver\src\stm32l1xx_aes_util.o
AES_ECB_Encrypt                                   Libraries\STM32L1xx_StdPeriph_Driver\src\stm32l1xx_aes_util.o
AES_GetFlagStatus                                 Libraries\STM32L1xx_StdPeriph_Driver\src\stm32l1xx_aes.o
                                                  Libraries\STM32L1xx_StdPeriph_Driver\src\stm32l1xx_aes_util.o
AES_GetITStatus                                   Libraries\STM32L1xx_StdPeriph_Driver\src\stm32l1xx_aes.o
AES_IRQHandler                                    src\startup_stm32l1xx_hd.o
AES_ITConfig                                      Libraries\STM32L1xx_StdPeriph_Driver\src\stm32l1xx_aes.o
AES_IVInit                                        Libraries\STM32L1xx_StdPeriph_Driver\src\stm32l1xx_aes.o
                                                  Libraries\STM32L1xx_StdPeriph_Driver\src\stm32l1xx_aes_util.o
AES_IVStructInit                                  Libraries\STM32L1xx_StdPeriph_Driver\src\stm32l1xx_aes.o
AES_Init                                          Libraries\STM32L1xx_StdPeriph_Driver\src\stm32l1xx_aes.o
                                                  Libraries\STM32L1xx_StdPeriph_Driver\src\stm32l1xx_aes_util.o
AES_KeyInit                                       Libraries\STM32L1xx_StdPeriph_Driver\src\stm32l1xx_aes.o
                                                  Libraries\STM32L1xx_StdPeriph_Driver\src\stm32l1xx_aes_util.o
AES_KeyStructInit                                 Libraries\STM32L1xx_StdPeriph_Driver\src\stm32l1xx_aes.o
AES_ReadIV                                        Libraries\STM32L1xx_StdPeriph_Driver\src\stm32l1xx_aes.o
AES_ReadKey                                       Libraries\STM32L1xx_StdPeriph_Driver\src\stm32l1xx_aes.o
AES_ReadSubData                                   Libraries\STM32L1xx_StdPeriph_Driver\src\stm32l1xx_aes.o
                                                  Libraries\STM32L1xx_StdPeriph_Driver\src\stm32l1xx_aes_util.o
AES_StructInit                                    Libraries\STM32L1xx_StdPeriph_Driver\src\stm32l1xx_aes.o
AES_WriteSubData                                  Libraries\STM32L1xx_StdPeriph_Driver\src\stm32l1xx_aes.o
                                                  Libraries\STM32L1xx_StdPeriph_Driver\src\stm32l1xx_aes_util.o
AHBPrescTable                                     src\system_stm32l1xx.o
BusFault_Handler                                  src\stm32l1xx_it.o
                                                  src\startup_stm32l1xx_hd.o
COMP_ACQ_IRQHandler                               src\startup_stm32l1xx_hd.o
COMP_Cmd                                          Libraries\STM32L1xx_StdPeriph_Driver\src\stm32l1xx_comp.o
COMP_DeInit                                       Libraries\STM32L1xx_StdPeriph_Driver\src\stm32l1xx_comp.o
COMP_GetOutputLevel                               Libraries\STM32L1xx_StdPeriph_Driver\src\stm32l1xx_comp.o
COMP_IRQHandler                                   src\startup_stm32l1xx_hd.o
COMP_Init                                         Libraries\STM32L1xx_StdPeriph_Driver\src\stm32l1xx_comp.o
COMP_SW1SwitchConfig                              Libraries\STM32L1xx_StdPeriph_Driver\src\stm32l1xx_comp.o
COMP_VrefintOutputCmd                             Libraries\STM32L1xx_StdPeriph_Driver\src\stm32l1xx_comp.o
COMP_WindowCmd                                    Libraries\STM32L1xx_StdPeriph_Driver\src\stm32l1xx_comp.o
CRC_CalcBlockCRC                                  Libraries\STM32L1xx_StdPeriph_Driver\src\stm32l1xx_crc.o
CRC_CalcCRC                                       Libraries\STM32L1xx_StdPeriph_Driver\src\stm32l1xx_crc.o
CRC_GetCRC                                        Libraries\STM32L1xx_StdPeriph_Driver\src\stm32l1xx_crc.o
CRC_GetIDRegister                                 Libraries\STM32L1xx_StdPeriph_Driver\src\stm32l1xx_crc.o
CRC_ResetDR                                       Libraries\STM32L1xx_StdPeriph_Driver\src\stm32l1xx_crc.o
CRC_SetIDRegister                                 Libraries\STM32L1xx_StdPeriph_Driver\src\stm32l1xx_crc.o
DAC_ClearFlag                                     Libraries\STM32L1xx_StdPeriph_Driver\src\stm32l1xx_dac.o
DAC_ClearITPendingBit                             Libraries\STM32L1xx_StdPeriph_Driver\src\stm32l1xx_dac.o
DAC_Cmd                                           Libraries\STM32L1xx_StdPeriph_Driver\src\stm32l1xx_dac.o
DAC_DMACmd                                        Libraries\STM32L1xx_StdPeriph_Driver\src\stm32l1xx_dac.o
DAC_DeInit                                        Libraries\STM32L1xx_StdPeriph_Driver\src\stm32l1xx_dac.o
DAC_DualSoftwareTriggerCmd                        Libraries\STM32L1xx_StdPeriph_Driver\src\stm32l1xx_dac.o
DAC_GetDataOutputValue                            Libraries\STM32L1xx_StdPeriph_Driver\src\stm32l1xx_dac.o
DAC_GetFlagStatus                                 Libraries\STM32L1xx_StdPeriph_Driver\src\stm32l1xx_dac.o
DAC_GetITStatus                                   Libraries\STM32L1xx_StdPeriph_Driver\src\stm32l1xx_dac.o
DAC_IRQHandler                                    src\startup_stm32l1xx_hd.o
DAC_ITConfig                                      Libraries\STM32L1xx_StdPeriph_Driver\src\stm32l1xx_dac.o
DAC_Init                                          Libraries\STM32L1xx_StdPeriph_Driver\src\stm32l1xx_dac.o
DAC_SetChannel1Data                               Libraries\STM32L1xx_StdPeriph_Driver\src\stm32l1xx_dac.o
DAC_SetChannel2Data                               Libraries\STM32L1xx_StdPeriph_Driver\src\stm32l1xx_dac.o
DAC_SetDualChannelData                            Libraries\STM32L1xx_StdPeriph_Driver\src\stm32l1xx_dac.o
DAC_SoftwareTriggerCmd                            Libraries\STM32L1xx_StdPeriph_Driver\src\stm32l1xx_dac.o
DAC_StructInit                                    Libraries\STM32L1xx_StdPeriph_Driver\src\stm32l1xx_dac.o
DAC_WaveGenerationCmd                             Libraries\STM32L1xx_StdPeriph_Driver\src\stm32l1xx_dac.o
DATA_EEPROM_EraseByte                             Libraries\STM32L1xx_StdPeriph_Driver\src\stm32l1xx_flash.o
DATA_EEPROM_EraseDoubleWord                       Libraries\STM32L1xx_StdPeriph_Driver\src\stm32l1xx_flash_ramfunc.o
DATA_EEPROM_EraseHalfWord                         Libraries\STM32L1xx_StdPeriph_Driver\src\stm32l1xx_flash.o
DATA_EEPROM_EraseWord                             Libraries\STM32L1xx_StdPeriph_Driver\src\stm32l1xx_flash.o
DATA_EEPROM_FastProgramByte                       Libraries\STM32L1xx_StdPeriph_Driver\src\stm32l1xx_flash.o
DATA_EEPROM_FastProgramHalfWord                   Libraries\STM32L1xx_StdPeriph_Driver\src\stm32l1xx_flash.o
DATA_EEPROM_FastProgramWord                       Libraries\STM32L1xx_StdPeriph_Driver\src\stm32l1xx_flash.o
                                                  src\mcu.o
DATA_EEPROM_FixedTimeProgramCmd                   Libraries\STM32L1xx_StdPeriph_Driver\src\stm32l1xx_flash.o
DATA_EEPROM_Lock                                  Libraries\STM32L1xx_StdPeriph_Driver\src\stm32l1xx_flash.o
                                                  src\mcu.o
DATA_EEPROM_ProgramByte                           Libraries\STM32L1xx_StdPeriph_Driver\src\stm32l1xx_flash.o
DATA_EEPROM_ProgramDoubleWord                     Libraries\STM32L1xx_StdPeriph_Driver\src\stm32l1xx_flash_ramfunc.o
DATA_EEPROM_ProgramHalfWord                       Libraries\STM32L1xx_StdPeriph_Driver\src\stm32l1xx_flash.o
DATA_EEPROM_ProgramWord                           Libraries\STM32L1xx_StdPeriph_Driver\src\stm32l1xx_flash.o
DATA_EEPROM_Unlock                                Libraries\STM32L1xx_StdPeriph_Driver\src\stm32l1xx_flash.o
                                                  src\mcu.o
DBGMCU_APB1PeriphConfig                           Libraries\STM32L1xx_StdPeriph_Driver\src\stm32l1xx_dbgmcu.o
DBGMCU_APB2PeriphConfig                           Libraries\STM32L1xx_StdPeriph_Driver\src\stm32l1xx_dbgmcu.o
DBGMCU_Config                                     Libraries\STM32L1xx_StdPeriph_Driver\src\stm32l1xx_dbgmcu.o
DBGMCU_GetDEVID                                   Libraries\STM32L1xx_StdPeriph_Driver\src\stm32l1xx_dbgmcu.o
DBGMCU_GetREVID                                   Libraries\STM32L1xx_StdPeriph_Driver\src\stm32l1xx_dbgmcu.o
DMA1_Channel1_IRQHandler                          src\main.o
DMA1_Channel2_IRQHandler                          src\startup_stm32l1xx_hd.o
DMA1_Channel3_IRQHandler                          src\startup_stm32l1xx_hd.o
DMA1_Channel4_IRQHandler                          src\startup_stm32l1xx_hd.o
DMA1_Channel5_IRQHandler                          src\startup_stm32l1xx_hd.o
DMA1_Channel6_IRQHandler                          src\startup_stm32l1xx_hd.o
DMA1_Channel7_IRQHandler                          src\startup_stm32l1xx_hd.o
DMA2_Channel1_IRQHandler                          src\startup_stm32l1xx_hd.o
DMA2_Channel2_IRQHandler                          src\startup_stm32l1xx_hd.o
DMA2_Channel3_IRQHandler                          src\startup_stm32l1xx_hd.o
DMA2_Channel4_IRQHandler                          src\startup_stm32l1xx_hd.o
DMA2_Channel5_IRQHandler                          src\startup_stm32l1xx_hd.o
DMA_ClearFlag                                     Libraries\STM32L1xx_StdPeriph_Driver\src\stm32l1xx_dma.o
DMA_ClearITPendingBit                             Libraries\STM32L1xx_StdPeriph_Driver\src\stm32l1xx_dma.o
                                                  src\main.o
DMA_Cmd                                           Libraries\STM32L1xx_StdPeriph_Driver\src\stm32l1xx_dma.o
                                                  src\test1.o
DMA_DeInit                                        Libraries\STM32L1xx_StdPeriph_Driver\src\stm32l1xx_dma.o
DMA_GetCurrDataCounter                            Libraries\STM32L1xx_StdPeriph_Driver\src\stm32l1xx_dma.o
DMA_GetFlagStatus                                 Libraries\STM32L1xx_StdPeriph_Driver\src\stm32l1xx_dma.o
DMA_GetITStatus                                   Libraries\STM32L1xx_StdPeriph_Driver\src\stm32l1xx_dma.o
                                                  src\main.o
DMA_ITConfig                                      Libraries\STM32L1xx_StdPeriph_Driver\src\stm32l1xx_dma.o
                                                  src\test1.o
DMA_Init                                          Libraries\STM32L1xx_StdPeriph_Driver\src\stm32l1xx_dma.o
                                                  src\test1.o
DMA_SetCurrDataCounter                            Libraries\STM32L1xx_StdPeriph_Driver\src\stm32l1xx_dma.o
DMA_StructInit                                    Libraries\STM32L1xx_StdPeriph_Driver\src\stm32l1xx_dma.o
DebugMon_Handler                                  src\stm32l1xx_it.o
                                                  src\startup_stm32l1xx_hd.o
Default_Handler                                   src\startup_stm32l1xx_hd.o
Delay                                             src\test1.o
                                                  src\ili9163.o
EXTI0_IRQHandler                                  src\startup_stm32l1xx_hd.o
EXTI15_10_IRQHandler                              src\startup_stm32l1xx_hd.o
EXTI1_IRQHandler                                  src\startup_stm32l1xx_hd.o
EXTI2_IRQHandler                                  src\startup_stm32l1xx_hd.o
EXTI3_IRQHandler                                  src\startup_stm32l1xx_hd.o
EXTI4_IRQHandler                                  src\startup_stm32l1xx_hd.o
EXTI9_5_IRQHandler                                src\startup_stm32l1xx_hd.o
EXTI_ClearFlag                                    Libraries\STM32L1xx_StdPeriph_Driver\src\stm32l1xx_exti.o
EXTI_ClearITPendingBit                            Libraries\STM32L1xx_StdPeriph_Driver\src\stm32l1xx_exti.o
EXTI_DeInit                                       Libraries\STM32L1xx_StdPeriph_Driver\src\stm32l1xx_exti.o
EXTI_GenerateSWInterrupt                          Libraries\STM32L1xx_StdPeriph_Driver\src\stm32l1xx_exti.o
EXTI_GetFlagStatus                                Libraries\STM32L1xx_StdPeriph_Driver\src\stm32l1xx_exti.o
EXTI_GetITStatus                                  Libraries\STM32L1xx_StdPeriph_Driver\src\stm32l1xx_exti.o
EXTI_Init                                         Libraries\STM32L1xx_StdPeriph_Driver\src\stm32l1xx_exti.o
                                                  src\mcu.o
EXTI_StructInit                                   Libraries\STM32L1xx_StdPeriph_Driver\src\stm32l1xx_exti.o
FLASH_ClearFlag                                   Libraries\STM32L1xx_StdPeriph_Driver\src\stm32l1xx_flash.o
FLASH_ErasePage                                   Libraries\STM32L1xx_StdPeriph_Driver\src\stm32l1xx_flash.o
FLASH_EraseParallelPage                           Libraries\STM32L1xx_StdPeriph_Driver\src\stm32l1xx_flash_ramfunc.o
FLASH_FastProgramWord                             Libraries\STM32L1xx_StdPeriph_Driver\src\stm32l1xx_flash.o
FLASH_GetFlagStatus                               Libraries\STM32L1xx_StdPeriph_Driver\src\stm32l1xx_flash.o
FLASH_GetStatus                                   Libraries\STM32L1xx_StdPeriph_Driver\src\stm32l1xx_flash.o
FLASH_IRQHandler                                  src\startup_stm32l1xx_hd.o
FLASH_ITConfig                                    Libraries\STM32L1xx_StdPeriph_Driver\src\stm32l1xx_flash.o
FLASH_Lock                                        Libraries\STM32L1xx_StdPeriph_Driver\src\stm32l1xx_flash.o
FLASH_OB_BORConfig                                Libraries\STM32L1xx_StdPeriph_Driver\src\stm32l1xx_flash.o
FLASH_OB_BootConfig                               Libraries\STM32L1xx_StdPeriph_Driver\src\stm32l1xx_flash.o
FLASH_OB_GetBOR                                   Libraries\STM32L1xx_StdPeriph_Driver\src\stm32l1xx_flash.o
FLASH_OB_GetRDP                                   Libraries\STM32L1xx_StdPeriph_Driver\src\stm32l1xx_flash.o
FLASH_OB_GetUser                                  Libraries\STM32L1xx_StdPeriph_Driver\src\stm32l1xx_flash.o
FLASH_OB_GetWRP                                   Libraries\STM32L1xx_StdPeriph_Driver\src\stm32l1xx_flash.o
FLASH_OB_GetWRP1                                  Libraries\STM32L1xx_StdPeriph_Driver\src\stm32l1xx_flash.o
FLASH_OB_GetWRP2                                  Libraries\STM32L1xx_StdPeriph_Driver\src\stm32l1xx_flash.o
FLASH_OB_Launch                                   Libraries\STM32L1xx_StdPeriph_Driver\src\stm32l1xx_flash.o
FLASH_OB_Lock                                     Libraries\STM32L1xx_StdPeriph_Driver\src\stm32l1xx_flash.o
FLASH_OB_RDPConfig                                Libraries\STM32L1xx_StdPeriph_Driver\src\stm32l1xx_flash.o
FLASH_OB_Unlock                                   Libraries\STM32L1xx_StdPeriph_Driver\src\stm32l1xx_flash.o
FLASH_OB_UserConfig                               Libraries\STM32L1xx_StdPeriph_Driver\src\stm32l1xx_flash.o
FLASH_OB_WRP1Config                               Libraries\STM32L1xx_StdPeriph_Driver\src\stm32l1xx_flash.o
FLASH_OB_WRP2Config                               Libraries\STM32L1xx_StdPeriph_Driver\src\stm32l1xx_flash.o
FLASH_OB_WRPConfig                                Libraries\STM32L1xx_StdPeriph_Driver\src\stm32l1xx_flash.o
FLASH_PrefetchBufferCmd                           Libraries\STM32L1xx_StdPeriph_Driver\src\stm32l1xx_flash.o
FLASH_ProgramHalfPage                             Libraries\STM32L1xx_StdPeriph_Driver\src\stm32l1xx_flash_ramfunc.o
FLASH_ProgramParallelHalfPage                     Libraries\STM32L1xx_StdPeriph_Driver\src\stm32l1xx_flash_ramfunc.o
FLASH_RUNPowerDownCmd                             Libraries\STM32L1xx_StdPeriph_Driver\src\stm32l1xx_flash_ramfunc.o
FLASH_ReadAccess64Cmd                             Libraries\STM32L1xx_StdPeriph_Driver\src\stm32l1xx_flash.o
FLASH_SLEEPPowerDownCmd                           Libraries\STM32L1xx_StdPeriph_Driver\src\stm32l1xx_flash.o
FLASH_SetLatency                                  Libraries\STM32L1xx_StdPeriph_Driver\src\stm32l1xx_flash.o
FLASH_Unlock                                      Libraries\STM32L1xx_StdPeriph_Driver\src\stm32l1xx_flash.o
FLASH_WaitForLastOperation                        Libraries\STM32L1xx_StdPeriph_Driver\src\stm32l1xx_flash.o
FSMC_NORSRAMCmd                                   Libraries\STM32L1xx_StdPeriph_Driver\src\stm32l1xx_fsmc.o
FSMC_NORSRAMDeInit                                Libraries\STM32L1xx_StdPeriph_Driver\src\stm32l1xx_fsmc.o
FSMC_NORSRAMInit                                  Libraries\STM32L1xx_StdPeriph_Driver\src\stm32l1xx_fsmc.o
FSMC_NORSRAMStructInit                            Libraries\STM32L1xx_StdPeriph_Driver\src\stm32l1xx_fsmc.o
FloatToString                                     src\submenu.o
FloatToStringReverz                               src\submenu.o
GPIO_DeInit                                       Libraries\STM32L1xx_StdPeriph_Driver\src\stm32l1xx_gpio.o
GPIO_Init                                         Libraries\STM32L1xx_StdPeriph_Driver\src\stm32l1xx_gpio.o
                                                  src\test1.o
                                                  src\spi.o
                                                  src\mcu.o
GPIO_PinAFConfig                                  Libraries\STM32L1xx_StdPeriph_Driver\src\stm32l1xx_gpio.o
                                                  src\spi.o
GPIO_PinLockConfig                                Libraries\STM32L1xx_StdPeriph_Driver\src\stm32l1xx_gpio.o
GPIO_ReadInputData                                Libraries\STM32L1xx_StdPeriph_Driver\src\stm32l1xx_gpio.o
GPIO_ReadInputDataBit                             Libraries\STM32L1xx_StdPeriph_Driver\src\stm32l1xx_gpio.o
GPIO_ReadOutputData                               Libraries\STM32L1xx_StdPeriph_Driver\src\stm32l1xx_gpio.o
GPIO_ReadOutputDataBit                            Libraries\STM32L1xx_StdPeriph_Driver\src\stm32l1xx_gpio.o
GPIO_ResetBits                                    Libraries\STM32L1xx_StdPeriph_Driver\src\stm32l1xx_gpio.o
GPIO_SetBits                                      Libraries\STM32L1xx_StdPeriph_Driver\src\stm32l1xx_gpio.o
GPIO_StructInit                                   Libraries\STM32L1xx_StdPeriph_Driver\src\stm32l1xx_gpio.o
GPIO_ToggleBits                                   Libraries\STM32L1xx_StdPeriph_Driver\src\stm32l1xx_gpio.o
GPIO_Write                                        Libraries\STM32L1xx_StdPeriph_Driver\src\stm32l1xx_gpio.o
GPIO_WriteBit                                     Libraries\STM32L1xx_StdPeriph_Driver\src\stm32l1xx_gpio.o
HardFault_Handler                                 src\stm32l1xx_it.o
                                                  src\startup_stm32l1xx_hd.o
I2C1_ER_IRQHandler                                src\startup_stm32l1xx_hd.o
I2C1_EV_IRQHandler                                src\startup_stm32l1xx_hd.o
I2C2_ER_IRQHandler                                src\startup_stm32l1xx_hd.o
I2C2_EV_IRQHandler                                src\startup_stm32l1xx_hd.o
I2C_ARPCmd                                        Libraries\STM32L1xx_StdPeriph_Driver\src\stm32l1xx_i2c.o
I2C_AcknowledgeConfig                             Libraries\STM32L1xx_StdPeriph_Driver\src\stm32l1xx_i2c.o
I2C_CalculatePEC                                  Libraries\STM32L1xx_StdPeriph_Driver\src\stm32l1xx_i2c.o
I2C_CheckEvent                                    Libraries\STM32L1xx_StdPeriph_Driver\src\stm32l1xx_i2c.o
I2C_ClearFlag                                     Libraries\STM32L1xx_StdPeriph_Driver\src\stm32l1xx_i2c.o
I2C_ClearITPendingBit                             Libraries\STM32L1xx_StdPeriph_Driver\src\stm32l1xx_i2c.o
I2C_Cmd                                           Libraries\STM32L1xx_StdPeriph_Driver\src\stm32l1xx_i2c.o
I2C_DMACmd                                        Libraries\STM32L1xx_StdPeriph_Driver\src\stm32l1xx_i2c.o
I2C_DMALastTransferCmd                            Libraries\STM32L1xx_StdPeriph_Driver\src\stm32l1xx_i2c.o
I2C_DeInit                                        Libraries\STM32L1xx_StdPeriph_Driver\src\stm32l1xx_i2c.o
I2C_DualAddressCmd                                Libraries\STM32L1xx_StdPeriph_Driver\src\stm32l1xx_i2c.o
I2C_FastModeDutyCycleConfig                       Libraries\STM32L1xx_StdPeriph_Driver\src\stm32l1xx_i2c.o
I2C_GeneralCallCmd                                Libraries\STM32L1xx_StdPeriph_Driver\src\stm32l1xx_i2c.o
I2C_GenerateSTART                                 Libraries\STM32L1xx_StdPeriph_Driver\src\stm32l1xx_i2c.o
I2C_GenerateSTOP                                  Libraries\STM32L1xx_StdPeriph_Driver\src\stm32l1xx_i2c.o
I2C_GetFlagStatus                                 Libraries\STM32L1xx_StdPeriph_Driver\src\stm32l1xx_i2c.o
I2C_GetITStatus                                   Libraries\STM32L1xx_StdPeriph_Driver\src\stm32l1xx_i2c.o
I2C_GetLastEvent                                  Libraries\STM32L1xx_StdPeriph_Driver\src\stm32l1xx_i2c.o
I2C_GetPEC                                        Libraries\STM32L1xx_StdPeriph_Driver\src\stm32l1xx_i2c.o
I2C_ITConfig                                      Libraries\STM32L1xx_StdPeriph_Driver\src\stm32l1xx_i2c.o
I2C_Init                                          Libraries\STM32L1xx_StdPeriph_Driver\src\stm32l1xx_i2c.o
I2C_NACKPositionConfig                            Libraries\STM32L1xx_StdPeriph_Driver\src\stm32l1xx_i2c.o
I2C_OwnAddress2Config                             Libraries\STM32L1xx_StdPeriph_Driver\src\stm32l1xx_i2c.o
I2C_PECPositionConfig                             Libraries\STM32L1xx_StdPeriph_Driver\src\stm32l1xx_i2c.o
I2C_ReadRegister                                  Libraries\STM32L1xx_StdPeriph_Driver\src\stm32l1xx_i2c.o
I2C_ReceiveData                                   Libraries\STM32L1xx_StdPeriph_Driver\src\stm32l1xx_i2c.o
I2C_SMBusAlertConfig                              Libraries\STM32L1xx_StdPeriph_Driver\src\stm32l1xx_i2c.o
I2C_Send7bitAddress                               Libraries\STM32L1xx_StdPeriph_Driver\src\stm32l1xx_i2c.o
I2C_SendData                                      Libraries\STM32L1xx_StdPeriph_Driver\src\stm32l1xx_i2c.o
I2C_SoftwareResetCmd                              Libraries\STM32L1xx_StdPeriph_Driver\src\stm32l1xx_i2c.o
I2C_StretchClockCmd                               Libraries\STM32L1xx_StdPeriph_Driver\src\stm32l1xx_i2c.o
I2C_StructInit                                    Libraries\STM32L1xx_StdPeriph_Driver\src\stm32l1xx_i2c.o
I2C_TransmitPEC                                   Libraries\STM32L1xx_StdPeriph_Driver\src\stm32l1xx_i2c.o
I2S_Cmd                                           Libraries\STM32L1xx_StdPeriph_Driver\src\stm32l1xx_spi.o
I2S_Init                                          Libraries\STM32L1xx_StdPeriph_Driver\src\stm32l1xx_spi.o
I2S_StructInit                                    Libraries\STM32L1xx_StdPeriph_Driver\src\stm32l1xx_spi.o
IWDG_Enable                                       Libraries\STM32L1xx_StdPeriph_Driver\src\stm32l1xx_iwdg.o
IWDG_GetFlagStatus                                Libraries\STM32L1xx_StdPeriph_Driver\src\stm32l1xx_iwdg.o
IWDG_ReloadCounter                                Libraries\STM32L1xx_StdPeriph_Driver\src\stm32l1xx_iwdg.o
IWDG_SetPrescaler                                 Libraries\STM32L1xx_StdPeriph_Driver\src\stm32l1xx_iwdg.o
IWDG_SetReload                                    Libraries\STM32L1xx_StdPeriph_Driver\src\stm32l1xx_iwdg.o
IWDG_WriteAccessCmd                               Libraries\STM32L1xx_StdPeriph_Driver\src\stm32l1xx_iwdg.o
LCD_BlinkConfig                                   Libraries\STM32L1xx_StdPeriph_Driver\src\stm32l1xx_lcd.o
LCD_ClearFlag                                     Libraries\STM32L1xx_StdPeriph_Driver\src\stm32l1xx_lcd.o
LCD_ClearITPendingBit                             Libraries\STM32L1xx_StdPeriph_Driver\src\stm32l1xx_lcd.o
LCD_Cmd                                           Libraries\STM32L1xx_StdPeriph_Driver\src\stm32l1xx_lcd.o
LCD_ContrastConfig                                Libraries\STM32L1xx_StdPeriph_Driver\src\stm32l1xx_lcd.o
LCD_DeInit                                        Libraries\STM32L1xx_StdPeriph_Driver\src\stm32l1xx_lcd.o
LCD_DeadTimeConfig                                Libraries\STM32L1xx_StdPeriph_Driver\src\stm32l1xx_lcd.o
LCD_GetFlagStatus                                 Libraries\STM32L1xx_StdPeriph_Driver\src\stm32l1xx_lcd.o
LCD_GetITStatus                                   Libraries\STM32L1xx_StdPeriph_Driver\src\stm32l1xx_lcd.o
LCD_HighDriveCmd                                  Libraries\STM32L1xx_StdPeriph_Driver\src\stm32l1xx_lcd.o
LCD_IRQHandler                                    src\startup_stm32l1xx_hd.o
LCD_ITConfig                                      Libraries\STM32L1xx_StdPeriph_Driver\src\stm32l1xx_lcd.o
LCD_Init                                          Libraries\STM32L1xx_StdPeriph_Driver\src\stm32l1xx_lcd.o
LCD_MuxSegmentCmd                                 Libraries\STM32L1xx_StdPeriph_Driver\src\stm32l1xx_lcd.o
LCD_PulseOnDurationConfig                         Libraries\STM32L1xx_StdPeriph_Driver\src\stm32l1xx_lcd.o
LCD_StructInit                                    Libraries\STM32L1xx_StdPeriph_Driver\src\stm32l1xx_lcd.o
LCD_UpdateDisplayRequest                          Libraries\STM32L1xx_StdPeriph_Driver\src\stm32l1xx_lcd.o
LCD_WaitForSynchro                                Libraries\STM32L1xx_StdPeriph_Driver\src\stm32l1xx_lcd.o